../Core/Src/led_display.c:15:6:led_red_blink	16	static
../Core/Src/led_display.c:34:6:led_green_blink	8	static
../Core/Src/led_display.c:41:6:led_yellow_blink	8	static
../Core/Src/led_display.c:52:6:on_red1_led	8	static
../Core/Src/led_display.c:57:6:on_yellow1_led	8	static
../Core/Src/led_display.c:62:6:on_green1_led	8	static
../Core/Src/led_display.c:67:6:on_red2_led	8	static
../Core/Src/led_display.c:72:6:on_yellow2_led	8	static
../Core/Src/led_display.c:77:6:on_green2_led	8	static
../Core/Src/led_display.c:81:6:off_led1	8	static
../Core/Src/led_display.c:85:6:off_led2	8	static
../Core/Src/led_display.c:89:6:modify_red_duration	8	static
../Core/Src/led_display.c:94:6:modify_yellow_duration	8	static
../Core/Src/led_display.c:100:6:modify_green_duration	8	static
../Core/Src/led_display.c:119:6:updatemode	16	static
../Core/Src/led_display.c:136:6:timeledlight	8	static
../Core/Src/led_display.c:142:6:normalstate	8	static
../Core/Src/led_display.c:193:6:update_numbers	16	static
../Core/Src/led_display.c:197:6:increment_duration	16	static
../Core/Src/led_display.c:206:6:save_duration	16	static
../Core/Src/led_display.c:214:6:but2_red	8	static
../Core/Src/led_display.c:215:6:but2_ye	8	static
../Core/Src/led_display.c:216:6:but2_gr	8	static
../Core/Src/led_display.c:219:6:but3_red	8	static
../Core/Src/led_display.c:220:6:but3_ye	8	static
../Core/Src/led_display.c:221:6:but3_gr	8	static
