Archive member included to satisfy reference by file (symbol)

d:/bkra/keil c test/stm32cubeide_1.10.1/stm32cubeide/plugins/com.st.stm32cube.ide.mcu.externaltools.gnu-tools-for-stm32.10.3-2021.10.win32_1.0.0.202111181127/tools/bin/../lib/gcc/arm-none-eabi/10.3.1/../../../../arm-none-eabi/lib/thumb/v7-m/nofp\libc_nano.a(lib_a-errno.o)
                              ./Core/Src/syscalls.o (__errno)
d:/bkra/keil c test/stm32cubeide_1.10.1/stm32cubeide/plugins/com.st.stm32cube.ide.mcu.externaltools.gnu-tools-for-stm32.10.3-2021.10.win32_1.0.0.202111181127/tools/bin/../lib/gcc/arm-none-eabi/10.3.1/../../../../arm-none-eabi/lib/thumb/v7-m/nofp\libc_nano.a(lib_a-exit.o)
                              d:/bkra/keil c test/stm32cubeide_1.10.1/stm32cubeide/plugins/com.st.stm32cube.ide.mcu.externaltools.gnu-tools-for-stm32.10.3-2021.10.win32_1.0.0.202111181127/tools/bin/../lib/gcc/arm-none-eabi/10.3.1/../../../../arm-none-eabi/lib/thumb/v7-m/nofp/crt0.o (exit)
d:/bkra/keil c test/stm32cubeide_1.10.1/stm32cubeide/plugins/com.st.stm32cube.ide.mcu.externaltools.gnu-tools-for-stm32.10.3-2021.10.win32_1.0.0.202111181127/tools/bin/../lib/gcc/arm-none-eabi/10.3.1/../../../../arm-none-eabi/lib/thumb/v7-m/nofp\libc_nano.a(lib_a-impure.o)
                              d:/bkra/keil c test/stm32cubeide_1.10.1/stm32cubeide/plugins/com.st.stm32cube.ide.mcu.externaltools.gnu-tools-for-stm32.10.3-2021.10.win32_1.0.0.202111181127/tools/bin/../lib/gcc/arm-none-eabi/10.3.1/../../../../arm-none-eabi/lib/thumb/v7-m/nofp\libc_nano.a(lib_a-exit.o) (_global_impure_ptr)
d:/bkra/keil c test/stm32cubeide_1.10.1/stm32cubeide/plugins/com.st.stm32cube.ide.mcu.externaltools.gnu-tools-for-stm32.10.3-2021.10.win32_1.0.0.202111181127/tools/bin/../lib/gcc/arm-none-eabi/10.3.1/../../../../arm-none-eabi/lib/thumb/v7-m/nofp\libc_nano.a(lib_a-init.o)
                              d:/bkra/keil c test/stm32cubeide_1.10.1/stm32cubeide/plugins/com.st.stm32cube.ide.mcu.externaltools.gnu-tools-for-stm32.10.3-2021.10.win32_1.0.0.202111181127/tools/bin/../lib/gcc/arm-none-eabi/10.3.1/../../../../arm-none-eabi/lib/thumb/v7-m/nofp/crt0.o (__libc_init_array)
d:/bkra/keil c test/stm32cubeide_1.10.1/stm32cubeide/plugins/com.st.stm32cube.ide.mcu.externaltools.gnu-tools-for-stm32.10.3-2021.10.win32_1.0.0.202111181127/tools/bin/../lib/gcc/arm-none-eabi/10.3.1/../../../../arm-none-eabi/lib/thumb/v7-m/nofp\libc_nano.a(lib_a-memset.o)
                              d:/bkra/keil c test/stm32cubeide_1.10.1/stm32cubeide/plugins/com.st.stm32cube.ide.mcu.externaltools.gnu-tools-for-stm32.10.3-2021.10.win32_1.0.0.202111181127/tools/bin/../lib/gcc/arm-none-eabi/10.3.1/../../../../arm-none-eabi/lib/thumb/v7-m/nofp/crt0.o (memset)

Discarded input sections

 .text          0x0000000000000000        0x0 d:/bkra/keil c test/stm32cubeide_1.10.1/stm32cubeide/plugins/com.st.stm32cube.ide.mcu.externaltools.gnu-tools-for-stm32.10.3-2021.10.win32_1.0.0.202111181127/tools/bin/../lib/gcc/arm-none-eabi/10.3.1/thumb/v7-m/nofp/crti.o
 .data          0x0000000000000000        0x0 d:/bkra/keil c test/stm32cubeide_1.10.1/stm32cubeide/plugins/com.st.stm32cube.ide.mcu.externaltools.gnu-tools-for-stm32.10.3-2021.10.win32_1.0.0.202111181127/tools/bin/../lib/gcc/arm-none-eabi/10.3.1/thumb/v7-m/nofp/crti.o
 .bss           0x0000000000000000        0x0 d:/bkra/keil c test/stm32cubeide_1.10.1/stm32cubeide/plugins/com.st.stm32cube.ide.mcu.externaltools.gnu-tools-for-stm32.10.3-2021.10.win32_1.0.0.202111181127/tools/bin/../lib/gcc/arm-none-eabi/10.3.1/thumb/v7-m/nofp/crti.o
 .data          0x0000000000000000        0x4 d:/bkra/keil c test/stm32cubeide_1.10.1/stm32cubeide/plugins/com.st.stm32cube.ide.mcu.externaltools.gnu-tools-for-stm32.10.3-2021.10.win32_1.0.0.202111181127/tools/bin/../lib/gcc/arm-none-eabi/10.3.1/thumb/v7-m/nofp/crtbegin.o
 .rodata        0x0000000000000000       0x24 d:/bkra/keil c test/stm32cubeide_1.10.1/stm32cubeide/plugins/com.st.stm32cube.ide.mcu.externaltools.gnu-tools-for-stm32.10.3-2021.10.win32_1.0.0.202111181127/tools/bin/../lib/gcc/arm-none-eabi/10.3.1/thumb/v7-m/nofp/crtbegin.o
 .text          0x0000000000000000       0x7c d:/bkra/keil c test/stm32cubeide_1.10.1/stm32cubeide/plugins/com.st.stm32cube.ide.mcu.externaltools.gnu-tools-for-stm32.10.3-2021.10.win32_1.0.0.202111181127/tools/bin/../lib/gcc/arm-none-eabi/10.3.1/../../../../arm-none-eabi/lib/thumb/v7-m/nofp/crt0.o
 .data          0x0000000000000000        0x0 d:/bkra/keil c test/stm32cubeide_1.10.1/stm32cubeide/plugins/com.st.stm32cube.ide.mcu.externaltools.gnu-tools-for-stm32.10.3-2021.10.win32_1.0.0.202111181127/tools/bin/../lib/gcc/arm-none-eabi/10.3.1/../../../../arm-none-eabi/lib/thumb/v7-m/nofp/crt0.o
 .bss           0x0000000000000000        0x0 d:/bkra/keil c test/stm32cubeide_1.10.1/stm32cubeide/plugins/com.st.stm32cube.ide.mcu.externaltools.gnu-tools-for-stm32.10.3-2021.10.win32_1.0.0.202111181127/tools/bin/../lib/gcc/arm-none-eabi/10.3.1/../../../../arm-none-eabi/lib/thumb/v7-m/nofp/crt0.o
[...]
Memory Configuration

Name             Origin             Length             Attributes
RAM              0x0000000020000000 0x0000000000005000 xrw
FLASH            0x0000000008000000 0x0000000000020000 xr
*default*        0x0000000000000000 0xffffffffffffffff

Linker script and memory map

LOAD d:/bkra/keil c test/stm32cubeide_1.10.1/stm32cubeide/plugins/com.st.stm32cube.ide.mcu.externaltools.gnu-tools-for-stm32.10.3-2021.10.win32_1.0.0.202111181127/tools/bin/../lib/gcc/arm-none-eabi/10.3.1/thumb/v7-m/nofp/crti.o
LOAD d:/bkra/keil c test/stm32cubeide_1.10.1/stm32cubeide/plugins/com.st.stm32cube.ide.mcu.externaltools.gnu-tools-for-stm32.10.3-2021.10.win32_1.0.0.202111181127/tools/bin/../lib/gcc/arm-none-eabi/10.3.1/thumb/v7-m/nofp/crtbegin.o
LOAD d:/bkra/keil c test/stm32cubeide_1.10.1/stm32cubeide/plugins/com.st.stm32cube.ide.mcu.externaltools.gnu-tools-for-stm32.10.3-2021.10.win32_1.0.0.202111181127/tools/bin/../lib/gcc/arm-none-eabi/10.3.1/../../../../arm-none-eabi/lib/thumb/v7-m/nofp/crt0.o
LOAD ./Core/Src/i2c-lcd.o
LOAD ./Core/Src/main.o
LOAD ./Core/Src/stm32f1xx_hal_msp.o
LOAD ./Core/Src/stm32f1xx_it.o
LOAD ./Core/Src/syscalls.o
LOAD ./Core/Src/sysmem.o
LOAD ./Core/Src/system_stm32f1xx.o
LOAD ./Core/Startup/startup_stm32f103rbtx.o
LOAD ./Drivers/STM32F1xx_HAL_Driver/Src/stm32f1xx_hal.o
LOAD ./Drivers/STM32F1xx_HAL_Driver/Src/stm32f1xx_hal_adc.o
LOAD ./Drivers/STM32F1xx_HAL_Driver/Src/stm32f1xx_hal_adc_ex.o
LOAD ./Drivers/STM32F1xx_HAL_Driver/Src/stm32f1xx_hal_cortex.o
LOAD ./Drivers/STM32F1xx_HAL_Driver/Src/stm32f1xx_hal_dma.o
LOAD ./Drivers/STM32F1xx_HAL_Driver/Src/stm32f1xx_hal_exti.o
LOAD ./Drivers/STM32F1xx_HAL_Driver/Src/stm32f1xx_hal_flash.o
LOAD ./Drivers/STM32F1xx_HAL_Driver/Src/stm32f1xx_hal_flash_ex.o
LOAD ./Drivers/STM32F1xx_HAL_Driver/Src/stm32f1xx_hal_gpio.o
LOAD ./Drivers/STM32F1xx_HAL_Driver/Src/stm32f1xx_hal_gpio_ex.o
LOAD ./Drivers/STM32F1xx_HAL_Driver/Src/stm32f1xx_hal_i2c.o
LOAD ./Drivers/STM32F1xx_HAL_Driver/Src/stm32f1xx_hal_pwr.o
LOAD ./Drivers/STM32F1xx_HAL_Driver/Src/stm32f1xx_hal_rcc.o
LOAD ./Drivers/STM32F1xx_HAL_Driver/Src/stm32f1xx_hal_rcc_ex.o
LOAD ./Drivers/STM32F1xx_HAL_Driver/Src/stm32f1xx_hal_tim.o
LOAD ./Drivers/STM32F1xx_HAL_Driver/Src/stm32f1xx_hal_tim_ex.o
LOAD ./Drivers/STM32F1xx_HAL_Driver/Src/stm32f1xx_hal_uart.o
START GROUP
LOAD d:/bkra/keil c test/stm32cubeide_1.10.1/stm32cubeide/plugins/com.st.stm32cube.ide.mcu.externaltools.gnu-tools-for-stm32.10.3-2021.10.win32_1.0.0.202111181127/tools/bin/../lib/gcc/arm-none-eabi/10.3.1/../../../../arm-none-eabi/lib/thumb/v7-m/nofp\libc_nano.a
LOAD d:/bkra/keil c test/stm32cubeide_1.10.1/stm32cubeide/plugins/com.st.stm32cube.ide.mcu.externaltools.gnu-tools-for-stm32.10.3-2021.10.win32_1.0.0.202111181127/tools/bin/../lib/gcc/arm-none-eabi/10.3.1/../../../../arm-none-eabi/lib/thumb/v7-m/nofp\libm.a
END GROUP
START GROUP
LOAD d:/bkra/keil c test/stm32cubeide_1.10.1/stm32cubeide/plugins/com.st.stm32cube.ide.mcu.externaltools.gnu-tools-for-stm32.10.3-2021.10.win32_1.0.0.202111181127/tools/bin/../lib/gcc/arm-none-eabi/10.3.1/thumb/v7-m/nofp\libgcc.a
LOAD d:/bkra/keil c test/stm32cubeide_1.10.1/stm32cubeide/plugins/com.st.stm32cube.ide.mcu.externaltools.gnu-tools-for-stm32.10.3-2021.10.win32_1.0.0.202111181127/tools/bin/../lib/gcc/arm-none-eabi/10.3.1/../../../../arm-none-eabi/lib/thumb/v7-m/nofp\libc_nano.a
END GROUP
START GROUP
LOAD d:/bkra/keil c test/stm32cubeide_1.10.1/stm32cubeide/plugins/com.st.stm32cube.ide.mcu.externaltools.gnu-tools-for-stm32.10.3-2021.10.win32_1.0.0.202111181127/tools/bin/../lib/gcc/arm-none-eabi/10.3.1/thumb/v7-m/nofp\libgcc.a
LOAD d:/bkra/keil c test/stm32cubeide_1.10.1/stm32cubeide/plugins/com.st.stm32cube.ide.mcu.externaltools.gnu-tools-for-stm32.10.3-2021.10.win32_1.0.0.202111181127/tools/bin/../lib/gcc/arm-none-eabi/10.3.1/../../../../arm-none-eabi/lib/thumb/v7-m/nofp\libc_nano.a
LOAD d:/bkra/keil c test/stm32cubeide_1.10.1/stm32cubeide/plugins/com.st.stm32cube.ide.mcu.externaltools.gnu-tools-for-stm32.10.3-2021.10.win32_1.0.0.202111181127/tools/bin/../lib/gcc/arm-none-eabi/10.3.1/../../../../arm-none-eabi/lib/thumb/v7-m/nofp\libnosys.a
END GROUP
START GROUP
LOAD d:/bkra/keil c test/stm32cubeide_1.10.1/stm32cubeide/plugins/com.st.stm32cube.ide.mcu.externaltools.gnu-tools-for-stm32.10.3-2021.10.win32_1.0.0.202111181127/tools/bin/../lib/gcc/arm-none-eabi/10.3.1/thumb/v7-m/nofp\libgcc.a
LOAD d:/bkra/keil c test/stm32cubeide_1.10.1/stm32cubeide/plugins/com.st.stm32cube.ide.mcu.externaltools.gnu-tools-for-stm32.10.3-2021.10.win32_1.0.0.202111181127/tools/bin/../lib/gcc/arm-none-eabi/10.3.1/../../../../arm-none-eabi/lib/thumb/v7-m/nofp\libc_nano.a
LOAD d:/bkra/keil c test/stm32cubeide_1.10.1/stm32cubeide/plugins/com.st.stm32cube.ide.mcu.externaltools.gnu-tools-for-stm32.10.3-2021.10.win32_1.0.0.202111181127/tools/bin/../lib/gcc/arm-none-eabi/10.3.1/../../../../arm-none-eabi/lib/thumb/v7-m/nofp\libnosys.a
END GROUP
LOAD d:/bkra/keil c test/stm32cubeide_1.10.1/stm32cubeide/plugins/com.st.stm32cube.ide.mcu.externaltools.gnu-tools-for-stm32.10.3-2021.10.win32_1.0.0.202111181127/tools/bin/../lib/gcc/arm-none-eabi/10.3.1/thumb/v7-m/nofp/crtend.o
LOAD d:/bkra/keil c test/stm32cubeide_1.10.1/stm32cubeide/plugins/com.st.stm32cube.ide.mcu.externaltools.gnu-tools-for-stm32.10.3-2021.10.win32_1.0.0.202111181127/tools/bin/../lib/gcc/arm-none-eabi/10.3.1/thumb/v7-m/nofp/crtn.o
                0x0000000020005000                _estack = (ORIGIN (RAM) + LENGTH (RAM))
                0x0000000000000200                _Min_Heap_Size = 0x200
                0x0000000000000400                _Min_Stack_Size = 0x400

.isr_vector     0x0000000008000000      0x10c
                0x0000000008000000                . = ALIGN (0x4)
 *(.isr_vector)
 .isr_vector    0x0000000008000000      0x10c ./Core/Startup/startup_stm32f103rbtx.o
                0x0000000008000000                g_pfnVectors
                0x000000000800010c                . = ALIGN (0x4)

.text           0x000000000800010c     0x2904
                0x000000000800010c                . = ALIGN (0x4)
 *(.text)
 .text          0x000000000800010c       0x40 d:/bkra/keil c test/stm32cubeide_1.10.1/stm32cubeide/plugins/com.st.stm32cube.ide.mcu.externaltools.gnu-tools-for-stm32.10.3-2021.10.win32_1.0.0.202111181127/tools/bin/../lib/gcc/arm-none-eabi/10.3.1/thumb/v7-m/nofp/crtbegin.o
 *(.text*)
 .text.lcd_send_cmd
                0x000000000800014c       0x60 ./Core/Src/i2c-lcd.o
                0x000000000800014c                lcd_send_cmd
 .text.lcd_send_data
                0x00000000080001ac       0x60 ./Core/Src/i2c-lcd.o
                0x00000000080001ac                lcd_send_data
 .text.lcd_init
                0x000000000800020c       0x5c ./Core/Src/i2c-lcd.o
                0x000000000800020c                lcd_init
 .text.lcd_send_string
                0x0000000008000268       0x2a ./Core/Src/i2c-lcd.o
                0x0000000008000268                lcd_send_string
 .text.lcd_goto_XY
                0x0000000008000292       0x44 ./Core/Src/i2c-lcd.o
                0x0000000008000292                lcd_goto_XY
 .text.HAL_ADC_ConvCpltCallback
                0x00000000080002d6       0x12 ./Core/Src/main.o
                0x00000000080002d6                HAL_ADC_ConvCpltCallback
 .text.main     0x00000000080002e8       0x3c ./Core/Src/main.o
                0x00000000080002e8                main
 .text.SystemClock_Config
                0x0000000008000324       0xaa ./Core/Src/main.o
                0x0000000008000324                SystemClock_Config
 *fill*         0x00000000080003ce        0x2 
 .text.MX_ADC1_Init
                0x00000000080003d0       0x7c ./Core/Src/main.o
 .text.MX_I2C1_Init
                0x000000000800044c       0x5c ./Core/Src/main.o
 .text.MX_USART2_UART_Init
                0x00000000080004a8       0x54 ./Core/Src/main.o
 .text.MX_GPIO_Init
                0x00000000080004fc       0xdc ./Core/Src/main.o
 .text.Error_Handler
                0x00000000080005d8        0xa ./Core/Src/main.o
                0x00000000080005d8                Error_Handler
 *fill*         0x00000000080005e2        0x2 
 .text.HAL_MspInit
                0x00000000080005e4       0x64 ./Core/Src/stm32f1xx_hal_msp.o
                0x00000000080005e4                HAL_MspInit
 .text.HAL_ADC_MspInit
                0x0000000008000648       0x88 ./Core/Src/stm32f1xx_hal_msp.o
                0x0000000008000648                HAL_ADC_MspInit
 .text.HAL_I2C_MspInit
                0x00000000080006d0       0xa0 ./Core/Src/stm32f1xx_hal_msp.o
                0x00000000080006d0                HAL_I2C_MspInit
 .text.HAL_UART_MspInit
                0x0000000008000770       0x7c ./Core/Src/stm32f1xx_hal_msp.o
                0x0000000008000770                HAL_UART_MspInit
 .text.NMI_Handler
                0x00000000080007ec        0x6 ./Core/Src/stm32f1xx_it.o
                0x00000000080007ec                NMI_Handler
 .text.HardFault_Handler
                0x00000000080007f2        0x6 ./Core/Src/stm32f1xx_it.o
                0x00000000080007f2                HardFault_Handler
 .text.MemManage_Handler
                0x00000000080007f8        0x6 ./Core/Src/stm32f1xx_it.o
                0x00000000080007f8                MemManage_Handler
 .text.BusFault_Handler
                0x00000000080007fe        0x6 ./Core/Src/stm32f1xx_it.o
                0x00000000080007fe                BusFault_Handler
 .text.UsageFault_Handler
                0x0000000008000804        0x6 ./Core/Src/stm32f1xx_it.o
                0x0000000008000804                UsageFault_Handler
 .text.SVC_Handler
                0x000000000800080a        0xc ./Core/Src/stm32f1xx_it.o
                0x000000000800080a                SVC_Handler
 .text.DebugMon_Handler
                0x0000000008000816        0xc ./Core/Src/stm32f1xx_it.o
                0x0000000008000816                DebugMon_Handler
 .text.PendSV_Handler
                0x0000000008000822        0xc ./Core/Src/stm32f1xx_it.o
                0x0000000008000822                PendSV_Handler
 .text.SysTick_Handler
                0x000000000800082e        0xc ./Core/Src/stm32f1xx_it.o
                0x000000000800082e                SysTick_Handler
 *fill*         0x000000000800083a        0x2 
 .text.ADC1_2_IRQHandler
                0x000000000800083c       0x14 ./Core/Src/stm32f1xx_it.o
                0x000000000800083c                ADC1_2_IRQHandler
 .text.EXTI15_10_IRQHandler
                0x0000000008000850       0x10 ./Core/Src/stm32f1xx_it.o
                0x0000000008000850                EXTI15_10_IRQHandler
 .text.SystemInit
                0x0000000008000860        0xc ./Core/Src/system_stm32f1xx.o
                0x0000000008000860                SystemInit
 .text.Reset_Handler
                0x000000000800086c       0x48 ./Core/Startup/startup_stm32f103rbtx.o
                0x000000000800086c                Reset_Handler
 .text.Default_Handler
                0x00000000080008b4        0x2 ./Core/Startup/startup_stm32f103rbtx.o
                0x00000000080008b4                RTC_Alarm_IRQHandler
                0x00000000080008b4                EXTI2_IRQHandler
                0x00000000080008b4                TIM1_CC_IRQHandler
                0x00000000080008b4                PVD_IRQHandler
                0x00000000080008b4                EXTI3_IRQHandler
                0x00000000080008b4                EXTI0_IRQHandler
                0x00000000080008b4                I2C2_EV_IRQHandler
                0x00000000080008b4                SPI1_IRQHandler
                0x00000000080008b4                TAMPER_IRQHandler
                0x00000000080008b4                DMA1_Channel4_IRQHandler
                0x00000000080008b4                USART3_IRQHandler
                0x00000000080008b4                RTC_IRQHandler
                0x00000000080008b4                DMA1_Channel7_IRQHandler
                0x00000000080008b4                CAN1_RX1_IRQHandler
                0x00000000080008b4                TIM4_IRQHandler
                0x00000000080008b4                I2C1_EV_IRQHandler
                0x00000000080008b4                DMA1_Channel6_IRQHandler
                0x00000000080008b4                TIM3_IRQHandler
                0x00000000080008b4                RCC_IRQHandler
                0x00000000080008b4                TIM1_TRG_COM_IRQHandler
                0x00000000080008b4                DMA1_Channel1_IRQHandler
                0x00000000080008b4                Default_Handler
                0x00000000080008b4                EXTI9_5_IRQHandler
                0x00000000080008b4                SPI2_IRQHandler
                0x00000000080008b4                DMA1_Channel5_IRQHandler
                0x00000000080008b4                EXTI4_IRQHandler
                0x00000000080008b4                USB_LP_CAN1_RX0_IRQHandler
                0x00000000080008b4                USB_HP_CAN1_TX_IRQHandler
                0x00000000080008b4                DMA1_Channel3_IRQHandler
                0x00000000080008b4                TIM1_UP_IRQHandler
                0x00000000080008b4                WWDG_IRQHandler
                0x00000000080008b4                TIM2_IRQHandler
                0x00000000080008b4                TIM1_BRK_IRQHandler
                0x00000000080008b4                EXTI1_IRQHandler
                0x00000000080008b4                USART2_IRQHandler
                0x00000000080008b4                I2C2_ER_IRQHandler
                0x00000000080008b4                DMA1_Channel2_IRQHandler
                0x00000000080008b4                CAN1_SCE_IRQHandler
                0x00000000080008b4                FLASH_IRQHandler
                0x00000000080008b4                USART1_IRQHandler
                0x00000000080008b4                I2C1_ER_IRQHandler
                0x00000000080008b4                USBWakeUp_IRQHandler
 *fill*         0x00000000080008b6        0x2 
 .text.HAL_Init
                0x00000000080008b8       0x2c ./Drivers/STM32F1xx_HAL_Driver/Src/stm32f1xx_hal.o
                0x00000000080008b8                HAL_Init
 .text.HAL_InitTick
                0x00000000080008e4       0x60 ./Drivers/STM32F1xx_HAL_Driver/Src/stm32f1xx_hal.o
                0x00000000080008e4                HAL_InitTick
 .text.HAL_IncTick
                0x0000000008000944       0x24 ./Drivers/STM32F1xx_HAL_Driver/Src/stm32f1xx_hal.o
                0x0000000008000944                HAL_IncTick
 .text.HAL_GetTick
                0x0000000008000968       0x14 ./Drivers/STM32F1xx_HAL_Driver/Src/stm32f1xx_hal.o
                0x0000000008000968                HAL_GetTick
 .text.HAL_Delay
                0x000000000800097c       0x48 ./Drivers/STM32F1xx_HAL_Driver/Src/stm32f1xx_hal.o
                0x000000000800097c                HAL_Delay
 .text.HAL_ADC_Init
                0x00000000080009c4      0x1b0 ./Drivers/STM32F1xx_HAL_Driver/Src/stm32f1xx_hal_adc.o
                0x00000000080009c4                HAL_ADC_Init
 .text.HAL_ADC_IRQHandler
                0x0000000008000b74      0x17e ./Drivers/STM32F1xx_HAL_Driver/Src/stm32f1xx_hal_adc.o
                0x0000000008000b74                HAL_ADC_IRQHandler
 .text.HAL_ADC_LevelOutOfWindowCallback
                0x0000000008000cf2       0x12 ./Drivers/STM32F1xx_HAL_Driver/Src/stm32f1xx_hal_adc.o
                0x0000000008000cf2                HAL_ADC_LevelOutOfWindowCallback
 .text.HAL_ADC_ConfigChannel
                0x0000000008000d04      0x1f0 ./Drivers/STM32F1xx_HAL_Driver/Src/stm32f1xx_hal_adc.o
                0x0000000008000d04                HAL_ADC_ConfigChannel
 .text.ADC_ConversionStop_Disable
                0x0000000008000ef4       0x82 ./Drivers/STM32F1xx_HAL_Driver/Src/stm32f1xx_hal_adc.o
                0x0000000008000ef4                ADC_ConversionStop_Disable
 .text.HAL_ADCEx_InjectedConvCpltCallback
                0x0000000008000f76       0x12 ./Drivers/STM32F1xx_HAL_Driver/Src/stm32f1xx_hal_adc_ex.o
                0x0000000008000f76                HAL_ADCEx_InjectedConvCpltCallback
 .text.__NVIC_SetPriorityGrouping
                0x0000000008000f88       0x48 ./Drivers/STM32F1xx_HAL_Driver/Src/stm32f1xx_hal_cortex.o
 .text.__NVIC_GetPriorityGrouping
                0x0000000008000fd0       0x1c ./Drivers/STM32F1xx_HAL_Driver/Src/stm32f1xx_hal_cortex.o
 .text.__NVIC_EnableIRQ
                0x0000000008000fec       0x38 ./Drivers/STM32F1xx_HAL_Driver/Src/stm32f1xx_hal_cortex.o
 .text.__NVIC_SetPriority
                0x0000000008001024       0x54 ./Drivers/STM32F1xx_HAL_Driver/Src/stm32f1xx_hal_cortex.o
 .text.NVIC_EncodePriority
                0x0000000008001078       0x64 ./Drivers/STM32F1xx_HAL_Driver/Src/stm32f1xx_hal_cortex.o
 .text.SysTick_Config
                0x00000000080010dc       0x44 ./Drivers/STM32F1xx_HAL_Driver/Src/stm32f1xx_hal_cortex.o
 .text.HAL_NVIC_SetPriorityGrouping
                0x0000000008001120       0x16 ./Drivers/STM32F1xx_HAL_Driver/Src/stm32f1xx_hal_cortex.o
                0x0000000008001120                HAL_NVIC_SetPriorityGrouping
 .text.HAL_NVIC_SetPriority
                0x0000000008001136       0x38 ./Drivers/STM32F1xx_HAL_Driver/Src/stm32f1xx_hal_cortex.o
                0x0000000008001136                HAL_NVIC_SetPriority
 .text.HAL_NVIC_EnableIRQ
                0x000000000800116e       0x1c ./Drivers/STM32F1xx_HAL_Driver/Src/stm32f1xx_hal_cortex.o
                0x000000000800116e                HAL_NVIC_EnableIRQ
 .text.HAL_SYSTICK_Config
                0x000000000800118a       0x18 ./Drivers/STM32F1xx_HAL_Driver/Src/stm32f1xx_hal_cortex.o
                0x000000000800118a                HAL_SYSTICK_Config
 *fill*         0x00000000080011a2        0x2 
 .text.HAL_GPIO_Init
                0x00000000080011a4      0x308 ./Drivers/STM32F1xx_HAL_Driver/Src/stm32f1xx_hal_gpio.o
                0x00000000080011a4                HAL_GPIO_Init
 .text.HAL_GPIO_WritePin
                0x00000000080014ac       0x30 ./Drivers/STM32F1xx_HAL_Driver/Src/stm32f1xx_hal_gpio.o
                0x00000000080014ac                HAL_GPIO_WritePin
 .text.HAL_GPIO_EXTI_IRQHandler
                0x00000000080014dc       0x30 ./Drivers/STM32F1xx_HAL_Driver/Src/stm32f1xx_hal_gpio.o
                0x00000000080014dc                HAL_GPIO_EXTI_IRQHandler
 .text.HAL_GPIO_EXTI_Callback
                0x000000000800150c       0x14 ./Drivers/STM32F1xx_HAL_Driver/Src/stm32f1xx_hal_gpio.o
                0x000000000800150c                HAL_GPIO_EXTI_Callback
 .text.HAL_I2C_Init
                0x0000000008001520      0x288 ./Drivers/STM32F1xx_HAL_Driver/Src/stm32f1xx_hal_i2c.o
                0x0000000008001520                HAL_I2C_Init
 .text.HAL_I2C_Master_Transmit
                0x00000000080017a8      0x1fc ./Drivers/STM32F1xx_HAL_Driver/Src/stm32f1xx_hal_i2c.o
                0x00000000080017a8                HAL_I2C_Master_Transmit
 .text.I2C_MasterRequestWrite
                0x00000000080019a4      0x104 ./Drivers/STM32F1xx_HAL_Driver/Src/stm32f1xx_hal_i2c.o
 .text.I2C_WaitOnFlagUntilTimeout
                0x0000000008001aa8       0xf4 ./Drivers/STM32F1xx_HAL_Driver/Src/stm32f1xx_hal_i2c.o
 .text.I2C_WaitOnMasterAddressFlagUntilTimeout
                0x0000000008001b9c      0x140 ./Drivers/STM32F1xx_HAL_Driver/Src/stm32f1xx_hal_i2c.o
 .text.I2C_WaitOnTXEFlagUntilTimeout
                0x0000000008001cdc       0x90 ./Drivers/STM32F1xx_HAL_Driver/Src/stm32f1xx_hal_i2c.o
 .text.I2C_WaitOnBTFFlagUntilTimeout
                0x0000000008001d6c       0x90 ./Drivers/STM32F1xx_HAL_Driver/Src/stm32f1xx_hal_i2c.o
 .text.I2C_IsAcknowledgeFailed
                0x0000000008001dfc       0x5c ./Drivers/STM32F1xx_HAL_Driver/Src/stm32f1xx_hal_i2c.o
 .text.HAL_RCC_OscConfig
                0x0000000008001e58      0x504 ./Drivers/STM32F1xx_HAL_Driver/Src/stm32f1xx_hal_rcc.o
                0x0000000008001e58                HAL_RCC_OscConfig
 .text.HAL_RCC_ClockConfig
                0x000000000800235c      0x1d4 ./Drivers/STM32F1xx_HAL_Driver/Src/stm32f1xx_hal_rcc.o
                0x000000000800235c                HAL_RCC_ClockConfig
 .text.HAL_RCC_GetSysClockFreq
                0x0000000008002530       0xa8 ./Drivers/STM32F1xx_HAL_Driver/Src/stm32f1xx_hal_rcc.o
                0x0000000008002530                HAL_RCC_GetSysClockFreq
 .text.HAL_RCC_GetHCLKFreq
                0x00000000080025d8       0x14 ./Drivers/STM32F1xx_HAL_Driver/Src/stm32f1xx_hal_rcc.o
                0x00000000080025d8                HAL_RCC_GetHCLKFreq
 .text.HAL_RCC_GetPCLK1Freq
                0x00000000080025ec       0x28 ./Drivers/STM32F1xx_HAL_Driver/Src/stm32f1xx_hal_rcc.o
                0x00000000080025ec                HAL_RCC_GetPCLK1Freq
 .text.HAL_RCC_GetPCLK2Freq
                0x0000000008002614       0x28 ./Drivers/STM32F1xx_HAL_Driver/Src/stm32f1xx_hal_rcc.o
                0x0000000008002614                HAL_RCC_GetPCLK2Freq
 .text.RCC_Delay
                0x000000000800263c       0x3c ./Drivers/STM32F1xx_HAL_Driver/Src/stm32f1xx_hal_rcc.o
 .text.HAL_RCCEx_PeriphCLKConfig
                0x0000000008002678      0x16c ./Drivers/STM32F1xx_HAL_Driver/Src/stm32f1xx_hal_rcc_ex.o
                0x0000000008002678                HAL_RCCEx_PeriphCLKConfig
 .text.HAL_UART_Init
                0x00000000080027e4       0xa0 ./Drivers/STM32F1xx_HAL_Driver/Src/stm32f1xx_hal_uart.o
                0x00000000080027e4                HAL_UART_Init
 .text.UART_SetConfig
                0x0000000008002884      0x11c ./Drivers/STM32F1xx_HAL_Driver/Src/stm32f1xx_hal_uart.o
 .text.__libc_init_array
                0x00000000080029a0       0x48 d:/bkra/keil c test/stm32cubeide_1.10.1/stm32cubeide/plugins/com.st.stm32cube.ide.mcu.externaltools.gnu-tools-for-stm32.10.3-2021.10.win32_1.0.0.202111181127/tools/bin/../lib/gcc/arm-none-eabi/10.3.1/../../../../arm-none-eabi/lib/thumb/v7-m/nofp\libc_nano.a(lib_a-init.o)
                0x00000000080029a0                __libc_init_array
 .text.memset   0x00000000080029e8       0x10 d:/bkra/keil c test/stm32cubeide_1.10.1/stm32cubeide/plugins/com.st.stm32cube.ide.mcu.externaltools.gnu-tools-for-stm32.10.3-2021.10.win32_1.0.0.202111181127/tools/bin/../lib/gcc/arm-none-eabi/10.3.1/../../../../arm-none-eabi/lib/thumb/v7-m/nofp\libc_nano.a(lib_a-memset.o)
                0x00000000080029e8                memset
 *(.glue_7)
 .glue_7        0x00000000080029f8        0x0 linker stubs
 *(.glue_7t)
 .glue_7t       0x00000000080029f8        0x0 linker stubs
 *(.eh_frame)
 .eh_frame      0x00000000080029f8        0x0 d:/bkra/keil c test/stm32cubeide_1.10.1/stm32cubeide/plugins/com.st.stm32cube.ide.mcu.externaltools.gnu-tools-for-stm32.10.3-2021.10.win32_1.0.0.202111181127/tools/bin/../lib/gcc/arm-none-eabi/10.3.1/thumb/v7-m/nofp/crtbegin.o
 *(.init)
 .init          0x00000000080029f8        0x4 d:/bkra/keil c test/stm32cubeide_1.10.1/stm32cubeide/plugins/com.st.stm32cube.ide.mcu.externaltools.gnu-tools-for-stm32.10.3-2021.10.win32_1.0.0.202111181127/tools/bin/../lib/gcc/arm-none-eabi/10.3.1/thumb/v7-m/nofp/crti.o
                0x00000000080029f8                _init
 .init          0x00000000080029fc        0x8 d:/bkra/keil c test/stm32cubeide_1.10.1/stm32cubeide/plugins/com.st.stm32cube.ide.mcu.externaltools.gnu-tools-for-stm32.10.3-2021.10.win32_1.0.0.202111181127/tools/bin/../lib/gcc/arm-none-eabi/10.3.1/thumb/v7-m/nofp/crtn.o
 *(.fini)
 .fini          0x0000000008002a04        0x4 d:/bkra/keil c test/stm32cubeide_1.10.1/stm32cubeide/plugins/com.st.stm32cube.ide.mcu.externaltools.gnu-tools-for-stm32.10.3-2021.10.win32_1.0.0.202111181127/tools/bin/../lib/gcc/arm-none-eabi/10.3.1/thumb/v7-m/nofp/crti.o
                0x0000000008002a04                _fini
 .fini          0x0000000008002a08        0x8 d:/bkra/keil c test/stm32cubeide_1.10.1/stm32cubeide/plugins/com.st.stm32cube.ide.mcu.externaltools.gnu-tools-for-stm32.10.3-2021.10.win32_1.0.0.202111181127/tools/bin/../lib/gcc/arm-none-eabi/10.3.1/thumb/v7-m/nofp/crtn.o
                0x0000000008002a10                . = ALIGN (0x4)
                0x0000000008002a10                _etext = .

.vfp11_veneer   0x0000000008002a10        0x0
 .vfp11_veneer  0x0000000008002a10        0x0 linker stubs

.v4_bx          0x0000000008002a10        0x0
 .v4_bx         0x0000000008002a10        0x0 linker stubs

.iplt           0x0000000008002a10        0x0
 .iplt          0x0000000008002a10        0x0 d:/bkra/keil c test/stm32cubeide_1.10.1/stm32cubeide/plugins/com.st.stm32cube.ide.mcu.externaltools.gnu-tools-for-stm32.10.3-2021.10.win32_1.0.0.202111181127/tools/bin/../lib/gcc/arm-none-eabi/10.3.1/thumb/v7-m/nofp/crtbegin.o

.rodata         0x0000000008002a10       0x34
                0x0000000008002a10                . = ALIGN (0x4)
 *(.rodata)
 .rodata        0x0000000008002a10        0x5 ./Core/Src/main.o
 *(.rodata*)
 *fill*         0x0000000008002a15        0x3 
 .rodata.AHBPrescTable
                0x0000000008002a18       0x10 ./Core/Src/system_stm32f1xx.o
                0x0000000008002a18                AHBPrescTable
 .rodata.APBPrescTable
                0x0000000008002a28        0x8 ./Core/Src/system_stm32f1xx.o
                0x0000000008002a28                APBPrescTable
 .rodata.aPLLMULFactorTable.1
                0x0000000008002a30       0x10 ./Drivers/STM32F1xx_HAL_Driver/Src/stm32f1xx_hal_rcc.o
 .rodata.aPredivFactorTable.0
                0x0000000008002a40        0x2 ./Drivers/STM32F1xx_HAL_Driver/Src/stm32f1xx_hal_rcc.o
                0x0000000008002a44                . = ALIGN (0x4)
 *fill*         0x0000000008002a42        0x2 

.rel.dyn        0x0000000008002a44        0x0
 .rel.iplt      0x0000000008002a44        0x0 d:/bkra/keil c test/stm32cubeide_1.10.1/stm32cubeide/plugins/com.st.stm32cube.ide.mcu.externaltools.gnu-tools-for-stm32.10.3-2021.10.win32_1.0.0.202111181127/tools/bin/../lib/gcc/arm-none-eabi/10.3.1/thumb/v7-m/nofp/crtbegin.o

.ARM.extab      0x0000000008002a44        0x0
                0x0000000008002a44                . = ALIGN (0x4)
 *(.ARM.extab* .gnu.linkonce.armextab.*)
                0x0000000008002a44                . = ALIGN (0x4)

.ARM            0x0000000008002a44        0x0
                0x0000000008002a44                . = ALIGN (0x4)
                0x0000000008002a44                __exidx_start = .
 *(.ARM.exidx*)
                0x0000000008002a44                __exidx_end = .
                0x0000000008002a44                . = ALIGN (0x4)

.preinit_array  0x0000000008002a44        0x0
                0x0000000008002a44                . = ALIGN (0x4)
                0x0000000008002a44                PROVIDE (__preinit_array_start = .)
 *(.preinit_array*)
                0x0000000008002a44                PROVIDE (__preinit_array_end = .)
                0x0000000008002a44                . = ALIGN (0x4)

.init_array     0x0000000008002a44        0x4
                0x0000000008002a44                . = ALIGN (0x4)
                0x0000000008002a44                PROVIDE (__init_array_start = .)
 *(SORT_BY_NAME(.init_array.*))
 *(.init_array*)
 .init_array    0x0000000008002a44        0x4 d:/bkra/keil c test/stm32cubeide_1.10.1/stm32cubeide/plugins/com.st.stm32cube.ide.mcu.externaltools.gnu-tools-for-stm32.10.3-2021.10.win32_1.0.0.202111181127/tools/bin/../lib/gcc/arm-none-eabi/10.3.1/thumb/v7-m/nofp/crtbegin.o
                0x0000000008002a48                PROVIDE (__init_array_end = .)
                0x0000000008002a48                . = ALIGN (0x4)

.fini_array     0x0000000008002a48        0x4
                0x0000000008002a48                . = ALIGN (0x4)
                [!provide]                        PROVIDE (__fini_array_start = .)
 *(SORT_BY_NAME(.fini_array.*))
 *(.fini_array*)
 .fini_array    0x0000000008002a48        0x4 d:/bkra/keil c test/stm32cubeide_1.10.1/stm32cubeide/plugins/com.st.stm32cube.ide.mcu.externaltools.gnu-tools-for-stm32.10.3-2021.10.win32_1.0.0.202111181127/tools/bin/../lib/gcc/arm-none-eabi/10.3.1/thumb/v7-m/nofp/crtbegin.o
                [!provide]                        PROVIDE (__fini_array_end = .)
                0x0000000008002a4c                . = ALIGN (0x4)
                0x0000000008002a4c                _sidata = LOADADDR (.data)

.data           0x0000000020000000        0xc load address 0x0000000008002a4c
                0x0000000020000000                . = ALIGN (0x4)
                0x0000000020000000                _sdata = .
 *(.data)
 *(.data*)
 .data.SystemCoreClock
                0x0000000020000000        0x4 ./Core/Src/system_stm32f1xx.o
                0x0000000020000000                SystemCoreClock
 .data.uwTickPrio
                0x0000000020000004        0x4 ./Drivers/STM32F1xx_HAL_Driver/Src/stm32f1xx_hal.o
                0x0000000020000004                uwTickPrio
 .data.uwTickFreq
                0x0000000020000008        0x1 ./Drivers/STM32F1xx_HAL_Driver/Src/stm32f1xx_hal.o
                0x0000000020000008                uwTickFreq
 *(.RamFunc)
 *(.RamFunc*)
                0x000000002000000c                . = ALIGN (0x4)
 *fill*         0x0000000020000009        0x3 
                0x000000002000000c                _edata = .

.igot.plt       0x000000002000000c        0x0 load address 0x0000000008002a58
 .igot.plt      0x000000002000000c        0x0 d:/bkra/keil c test/stm32cubeide_1.10.1/stm32cubeide/plugins/com.st.stm32cube.ide.mcu.externaltools.gnu-tools-for-stm32.10.3-2021.10.win32_1.0.0.202111181127/tools/bin/../lib/gcc/arm-none-eabi/10.3.1/thumb/v7-m/nofp/crtbegin.o
                0x000000002000000c                . = ALIGN (0x4)

.bss            0x000000002000000c       0xec load address 0x0000000008002a58
                0x000000002000000c                _sbss = .
                0x000000002000000c                __bss_start__ = _sbss
 *(.bss)
 .bss           0x000000002000000c       0x1c d:/bkra/keil c test/stm32cubeide_1.10.1/stm32cubeide/plugins/com.st.stm32cube.ide.mcu.externaltools.gnu-tools-for-stm32.10.3-2021.10.win32_1.0.0.202111181127/tools/bin/../lib/gcc/arm-none-eabi/10.3.1/thumb/v7-m/nofp/crtbegin.o
 *(.bss*)
 .bss.hadc1     0x0000000020000028       0x30 ./Core/Src/main.o
                0x0000000020000028                hadc1
 .bss.hi2c1     0x0000000020000058       0x54 ./Core/Src/main.o
                0x0000000020000058                hi2c1
 .bss.huart2    0x00000000200000ac       0x48 ./Core/Src/main.o
                0x00000000200000ac                huart2
 .bss.uwTick    0x00000000200000f4        0x4 ./Drivers/STM32F1xx_HAL_Driver/Src/stm32f1xx_hal.o
                0x00000000200000f4                uwTick
 *(COMMON)
                0x00000000200000f8                . = ALIGN (0x4)
                0x00000000200000f8                _ebss = .
                0x00000000200000f8                __bss_end__ = _ebss

._user_heap_stack
                0x00000000200000f8      0x600 load address 0x0000000008002a58
                0x00000000200000f8                . = ALIGN (0x8)
                [!provide]                        PROVIDE (end = .)
                0x00000000200000f8                PROVIDE (_end = .)
                0x00000000200002f8                . = (. + _Min_Heap_Size)
 *fill*         0x00000000200000f8      0x200 
                0x00000000200006f8                . = (. + _Min_Stack_Size)
 *fill*         0x00000000200002f8      0x400 
                0x00000000200006f8                . = ALIGN (0x8)

/DISCARD/
 libc.a(*)
 libm.a(*)
 libgcc.a(*)

.ARM.attributes
                0x0000000000000000       0x29
 *(.ARM.attributes)
 .ARM.attributes
                0x0000000000000000       0x1d d:/bkra/keil c test/stm32cubeide_1.10.1/stm32cubeide/plugins/com.st.stm32cube.ide.mcu.externaltools.gnu-tools-for-stm32.10.3-2021.10.win32_1.0.0.202111181127/tools/bin/../lib/gcc/arm-none-eabi/10.3.1/thumb/v7-m/nofp/crti.o
 .ARM.attributes
                0x000000000000001d       0x2d d:/bkra/keil c test/stm32cubeide_1.10.1/stm32cubeide/plugins/com.st.stm32cube.ide.mcu.externaltools.gnu-tools-for-stm32.10.3-2021.10.win32_1.0.0.202111181127/tools/bin/../lib/gcc/arm-none-eabi/10.3.1/thumb/v7-m/nofp/crtbegin.o
 .ARM.attributes
                0x000000000000004a       0x2d ./Core/Src/i2c-lcd.o
 .ARM.attributes
                0x0000000000000077       0x2d ./Core/Src/main.o
 .ARM.attributes
                0x00000000000000a4       0x2d ./Core/Src/stm32f1xx_hal_msp.o
 .ARM.attributes
                0x00000000000000d1       0x2d ./Core/Src/stm32f1xx_it.o
 .ARM.attributes
                0x00000000000000fe       0x2d ./Core/Src/system_stm32f1xx.o
 .ARM.attributes
                0x000000000000012b       0x21 ./Core/Startup/startup_stm32f103rbtx.o
 .ARM.attributes
                0x000000000000014c       0x2d ./Drivers/STM32F1xx_HAL_Driver/Src/stm32f1xx_hal.o
 .ARM.attributes
                0x0000000000000179       0x2d ./Drivers/STM32F1xx_HAL_Driver/Src/stm32f1xx_hal_adc.o
 .ARM.attributes
                0x00000000000001a6       0x2d ./Drivers/STM32F1xx_HAL_Driver/Src/stm32f1xx_hal_adc_ex.o
 .ARM.attributes
                0x00000000000001d3       0x2d ./Drivers/STM32F1xx_HAL_Driver/Src/stm32f1xx_hal_cortex.o
 .ARM.attributes
                0x0000000000000200       0x2d ./Drivers/STM32F1xx_HAL_Driver/Src/stm32f1xx_hal_gpio.o
 .ARM.attributes
                0x000000000000022d       0x2d ./Drivers/STM32F1xx_HAL_Driver/Src/stm32f1xx_hal_i2c.o
 .ARM.attributes
                0x000000000000025a       0x2d ./Drivers/STM32F1xx_HAL_Driver/Src/stm32f1xx_hal_rcc.o
 .ARM.attributes
                0x0000000000000287       0x2d ./Drivers/STM32F1xx_HAL_Driver/Src/stm32f1xx_hal_rcc_ex.o
 .ARM.attributes
                0x00000000000002b4       0x2d ./Drivers/STM32F1xx_HAL_Driver/Src/stm32f1xx_hal_uart.o
 .ARM.attributes
                0x00000000000002e1       0x2d d:/bkra/keil c test/stm32cubeide_1.10.1/stm32cubeide/plugins/com.st.stm32cube.ide.mcu.externaltools.gnu-tools-for-stm32.10.3-2021.10.win32_1.0.0.202111181127/tools/bin/../lib/gcc/arm-none-eabi/10.3.1/../../../../arm-none-eabi/lib/thumb/v7-m/nofp\libc_nano.a(lib_a-init.o)
 .ARM.attributes
                0x000000000000030e       0x2d d:/bkra/keil c test/stm32cubeide_1.10.1/stm32cubeide/plugins/com.st.stm32cube.ide.mcu.externaltools.gnu-tools-for-stm32.10.3-2021.10.win32_1.0.0.202111181127/tools/bin/../lib/gcc/arm-none-eabi/10.3.1/../../../../arm-none-eabi/lib/thumb/v7-m/nofp\libc_nano.a(lib_a-memset.o)
 .ARM.attributes
                0x000000000000033b       0x1d d:/bkra/keil c test/stm32cubeide_1.10.1/stm32cubeide/plugins/com.st.stm32cube.ide.mcu.externaltools.gnu-tools-for-stm32.10.3-2021.10.win32_1.0.0.202111181127/tools/bin/../lib/gcc/arm-none-eabi/10.3.1/thumb/v7-m/nofp/crtn.o
OUTPUT(RB.elf elf32-littlearm)
LOAD linker stubs
LOAD d:/bkra/keil c test/stm32cubeide_1.10.1/stm32cubeide/plugins/com.st.stm32cube.ide.mcu.externaltools.gnu-tools-for-stm32.10.3-2021.10.win32_1.0.0.202111181127/tools/bin/../lib/gcc/arm-none-eabi/10.3.1/../../../../arm-none-eabi/lib/thumb/v7-m/nofp\libc.a
LOAD d:/bkra/keil c test/stm32cubeide_1.10.1/stm32cubeide/plugins/com.st.stm32cube.ide.mcu.externaltools.gnu-tools-for-stm32.10.3-2021.10.win32_1.0.0.202111181127/tools/bin/../lib/gcc/arm-none-eabi/10.3.1/../../../../arm-none-eabi/lib/thumb/v7-m/nofp\libm.a
LOAD d:/bkra/keil c test/stm32cubeide_1.10.1/stm32cubeide/plugins/com.st.stm32cube.ide.mcu.externaltools.gnu-tools-for-stm32.10.3-2021.10.win32_1.0.0.202111181127/tools/bin/../lib/gcc/arm-none-eabi/10.3.1/thumb/v7-m/nofp\libgcc.a

.debug_info     0x0000000000000000     0xc6db
 .debug_info    0x0000000000000000      0x77a ./Core/Src/i2c-lcd.o
 .debug_info    0x000000000000077a     0x1244 ./Core/Src/main.o
 .debug_info    0x00000000000019be     0x1010 ./Core/Src/stm32f1xx_hal_msp.o
 .debug_info    0x00000000000029ce      0x605 ./Core/Src/stm32f1xx_it.o
 .debug_info    0x0000000000002fd3      0x23d ./Core/Src/system_stm32f1xx.o
 .debug_info    0x0000000000003210       0x22 ./Core/Startup/startup_stm32f103rbtx.o
 .debug_info    0x0000000000003232      0x734 ./Drivers/STM32F1xx_HAL_Driver/Src/stm32f1xx_hal.o
 .debug_info    0x0000000000003966      0xcfe ./Drivers/STM32F1xx_HAL_Driver/Src/stm32f1xx_hal_adc.o
 .debug_info    0x0000000000004664      0xa94 ./Drivers/STM32F1xx_HAL_Driver/Src/stm32f1xx_hal_adc_ex.o
 .debug_info    0x00000000000050f8      0xb20 ./Drivers/STM32F1xx_HAL_Driver/Src/stm32f1xx_hal_cortex.o
 .debug_info    0x0000000000005c18      0x615 ./Drivers/STM32F1xx_HAL_Driver/Src/stm32f1xx_hal_gpio.o
 .debug_info    0x000000000000622d     0x2771 ./Drivers/STM32F1xx_HAL_Driver/Src/stm32f1xx_hal_i2c.o
 .debug_info    0x000000000000899e      0x865 ./Drivers/STM32F1xx_HAL_Driver/Src/stm32f1xx_hal_rcc.o
 .debug_info    0x0000000000009203      0x3e6 ./Drivers/STM32F1xx_HAL_Driver/Src/stm32f1xx_hal_rcc_ex.o
 .debug_info    0x00000000000095e9     0x30f2 ./Drivers/STM32F1xx_HAL_Driver/Src/stm32f1xx_hal_uart.o

.debug_abbrev   0x0000000000000000     0x1d79
 .debug_abbrev  0x0000000000000000      0x1c4 ./Core/Src/i2c-lcd.o
 .debug_abbrev  0x00000000000001c4      0x2b2 ./Core/Src/main.o
 .debug_abbrev  0x0000000000000476      0x1b9 ./Core/Src/stm32f1xx_hal_msp.o
 .debug_abbrev  0x000000000000062f      0x185 ./Core/Src/stm32f1xx_it.o
 .debug_abbrev  0x00000000000007b4      0x13b ./Core/Src/system_stm32f1xx.o
 .debug_abbrev  0x00000000000008ef       0x12 ./Core/Startup/startup_stm32f103rbtx.o
 .debug_abbrev  0x0000000000000901      0x1fb ./Drivers/STM32F1xx_HAL_Driver/Src/stm32f1xx_hal.o
 .debug_abbrev  0x0000000000000afc      0x210 ./Drivers/STM32F1xx_HAL_Driver/Src/stm32f1xx_hal_adc.o
 .debug_abbrev  0x0000000000000d0c      0x234 ./Drivers/STM32F1xx_HAL_Driver/Src/stm32f1xx_hal_adc_ex.o
 .debug_abbrev  0x0000000000000f40      0x2ed ./Drivers/STM32F1xx_HAL_Driver/Src/stm32f1xx_hal_cortex.o
 .debug_abbrev  0x000000000000122d      0x1bb ./Drivers/STM32F1xx_HAL_Driver/Src/stm32f1xx_hal_gpio.o
 .debug_abbrev  0x00000000000013e8      0x288 ./Drivers/STM32F1xx_HAL_Driver/Src/stm32f1xx_hal_i2c.o
 .debug_abbrev  0x0000000000001670      0x2a8 ./Drivers/STM32F1xx_HAL_Driver/Src/stm32f1xx_hal_rcc.o
 .debug_abbrev  0x0000000000001918      0x182 ./Drivers/STM32F1xx_HAL_Driver/Src/stm32f1xx_hal_rcc_ex.o
 .debug_abbrev  0x0000000000001a9a      0x2df ./Drivers/STM32F1xx_HAL_Driver/Src/stm32f1xx_hal_uart.o

.debug_aranges  0x0000000000000000      0xac8
 .debug_aranges
                0x0000000000000000       0x48 ./Core/Src/i2c-lcd.o
 .debug_aranges
                0x0000000000000048       0x58 ./Core/Src/main.o
 .debug_aranges
                0x00000000000000a0       0x50 ./Core/Src/stm32f1xx_hal_msp.o
 .debug_aranges
                0x00000000000000f0       0x70 ./Core/Src/stm32f1xx_it.o
 .debug_aranges
                0x0000000000000160       0x28 ./Core/Src/system_stm32f1xx.o
 .debug_aranges
                0x0000000000000188       0x28 ./Core/Startup/startup_stm32f103rbtx.o
 .debug_aranges
                0x00000000000001b0       0xe0 ./Drivers/STM32F1xx_HAL_Driver/Src/stm32f1xx_hal.o
 .debug_aranges
                0x0000000000000290       0xf0 ./Drivers/STM32F1xx_HAL_Driver/Src/stm32f1xx_hal_adc.o
 .debug_aranges
                0x0000000000000380       0x80 ./Drivers/STM32F1xx_HAL_Driver/Src/stm32f1xx_hal_adc_ex.o
 .debug_aranges
                0x0000000000000400      0x100 ./Drivers/STM32F1xx_HAL_Driver/Src/stm32f1xx_hal_cortex.o
 .debug_aranges
                0x0000000000000500       0x58 ./Drivers/STM32F1xx_HAL_Driver/Src/stm32f1xx_hal_gpio.o
 .debug_aranges
                0x0000000000000558      0x2a8 ./Drivers/STM32F1xx_HAL_Driver/Src/stm32f1xx_hal_i2c.o
 .debug_aranges
                0x0000000000000800       0x90 ./Drivers/STM32F1xx_HAL_Driver/Src/stm32f1xx_hal_rcc.o
 .debug_aranges
                0x0000000000000890       0x30 ./Drivers/STM32F1xx_HAL_Driver/Src/stm32f1xx_hal_rcc_ex.o
 .debug_aranges
                0x00000000000008c0      0x208 ./Drivers/STM32F1xx_HAL_Driver/Src/stm32f1xx_hal_uart.o

.debug_ranges   0x0000000000000000      0xa28
 .debug_ranges  0x0000000000000000       0x38 ./Core/Src/i2c-lcd.o
 .debug_ranges  0x0000000000000038       0x48 ./Core/Src/main.o
 .debug_ranges  0x0000000000000080       0x40 ./Core/Src/stm32f1xx_hal_msp.o
 .debug_ranges  0x00000000000000c0       0x60 ./Core/Src/stm32f1xx_it.o
 .debug_ranges  0x0000000000000120       0x18 ./Core/Src/system_stm32f1xx.o
 .debug_ranges  0x0000000000000138       0x20 ./Core/Startup/startup_stm32f103rbtx.o
 .debug_ranges  0x0000000000000158       0xd0 ./Drivers/STM32F1xx_HAL_Driver/Src/stm32f1xx_hal.o
 .debug_ranges  0x0000000000000228       0xe0 ./Drivers/STM32F1xx_HAL_Driver/Src/stm32f1xx_hal_adc.o
 .debug_ranges  0x0000000000000308       0x70 ./Drivers/STM32F1xx_HAL_Driver/Src/stm32f1xx_hal_adc_ex.o
 .debug_ranges  0x0000000000000378       0xf0 ./Drivers/STM32F1xx_HAL_Driver/Src/stm32f1xx_hal_cortex.o
 .debug_ranges  0x0000000000000468       0x48 ./Drivers/STM32F1xx_HAL_Driver/Src/stm32f1xx_hal_gpio.o
 .debug_ranges  0x00000000000004b0      0x2b0 ./Drivers/STM32F1xx_HAL_Driver/Src/stm32f1xx_hal_i2c.o
 .debug_ranges  0x0000000000000760       0x80 ./Drivers/STM32F1xx_HAL_Driver/Src/stm32f1xx_hal_rcc.o
 .debug_ranges  0x00000000000007e0       0x20 ./Drivers/STM32F1xx_HAL_Driver/Src/stm32f1xx_hal_rcc_ex.o
 .debug_ranges  0x0000000000000800      0x228 ./Drivers/STM32F1xx_HAL_Driver/Src/stm32f1xx_hal_uart.o

.debug_macro    0x0000000000000000    0x17063
 .debug_macro   0x0000000000000000      0x1b6 ./Core/Src/i2c-lcd.o
 .debug_macro   0x00000000000001b6      0xa6c ./Core/Src/i2c-lcd.o
 .debug_macro   0x0000000000000c22      0x221 ./Core/Src/i2c-lcd.o
 .debug_macro   0x0000000000000e43       0x2e ./Core/Src/i2c-lcd.o
 .debug_macro   0x0000000000000e71       0x22 ./Core/Src/i2c-lcd.o
 .debug_macro   0x0000000000000e93       0x22 ./Core/Src/i2c-lcd.o
 .debug_macro   0x0000000000000eb5       0x8e ./Core/Src/i2c-lcd.o
 .debug_macro   0x0000000000000f43       0x51 ./Core/Src/i2c-lcd.o
 .debug_macro   0x0000000000000f94      0x103 ./Core/Src/i2c-lcd.o
 .debug_macro   0x0000000000001097       0x6a ./Core/Src/i2c-lcd.o
 .debug_macro   0x0000000000001101      0x1df ./Core/Src/i2c-lcd.o
 .debug_macro   0x00000000000012e0       0x1c ./Core/Src/i2c-lcd.o
 .debug_macro   0x00000000000012fc       0x22 ./Core/Src/i2c-lcd.o
 .debug_macro   0x000000000000131e       0xbd ./Core/Src/i2c-lcd.o
 .debug_macro   0x00000000000013db      0xd23 ./Core/Src/i2c-lcd.o
 .debug_macro   0x00000000000020fe     0xe09e ./Core/Src/i2c-lcd.o
 .debug_macro   0x000000000001019c       0x6d ./Core/Src/i2c-lcd.o
 .debug_macro   0x0000000000010209     0x34a2 ./Core/Src/i2c-lcd.o
 .debug_macro   0x00000000000136ab      0x174 ./Core/Src/i2c-lcd.o
 .debug_macro   0x000000000001381f       0x5c ./Core/Src/i2c-lcd.o
 .debug_macro   0x000000000001387b      0x5bc ./Core/Src/i2c-lcd.o
 .debug_macro   0x0000000000013e37      0x289 ./Core/Src/i2c-lcd.o
 .debug_macro   0x00000000000140c0      0x1cb ./Core/Src/i2c-lcd.o
 .debug_macro   0x000000000001428b      0x114 ./Core/Src/i2c-lcd.o
 .debug_macro   0x000000000001439f      0x1b2 ./Core/Src/i2c-lcd.o
 .debug_macro   0x0000000000014551       0x27 ./Core/Src/i2c-lcd.o
 .debug_macro   0x0000000000014578      0x136 ./Core/Src/i2c-lcd.o
 .debug_macro   0x00000000000146ae      0x1bc ./Core/Src/i2c-lcd.o
 .debug_macro   0x000000000001486a       0x34 ./Core/Src/i2c-lcd.o
 .debug_macro   0x000000000001489e       0x3c ./Core/Src/i2c-lcd.o
 .debug_macro   0x00000000000148da       0x57 ./Core/Src/i2c-lcd.o
 .debug_macro   0x0000000000014931      0x46a ./Core/Src/i2c-lcd.o
 .debug_macro   0x0000000000014d9b      0x1b5 ./Core/Src/i2c-lcd.o
 .debug_macro   0x0000000000014f50       0x87 ./Core/Src/i2c-lcd.o
 .debug_macro   0x0000000000014fd7      0x240 ./Core/Src/i2c-lcd.o
 .debug_macro   0x0000000000015217      0x287 ./Core/Src/i2c-lcd.o
 .debug_macro   0x000000000001549e      0x140 ./Core/Src/i2c-lcd.o
 .debug_macro   0x00000000000155de      0x28e ./Core/Src/i2c-lcd.o
 .debug_macro   0x000000000001586c       0x83 ./Core/Src/i2c-lcd.o
 .debug_macro   0x00000000000158ef      0x1bf ./Core/Src/main.o
 .debug_macro   0x0000000000015aae       0x5e ./Core/Src/main.o
 .debug_macro   0x0000000000015b0c      0x1bb ./Core/Src/stm32f1xx_hal_msp.o
 .debug_macro   0x0000000000015cc7      0x1c5 ./Core/Src/stm32f1xx_it.o
 .debug_macro   0x0000000000015e8c      0x1ac ./Core/Src/system_stm32f1xx.o
 .debug_macro   0x0000000000016038      0x1d0 ./Drivers/STM32F1xx_HAL_Driver/Src/stm32f1xx_hal.o
 .debug_macro   0x0000000000016208      0x1c9 ./Drivers/STM32F1xx_HAL_Driver/Src/stm32f1xx_hal_adc.o
 .debug_macro   0x00000000000163d1      0x1be ./Drivers/STM32F1xx_HAL_Driver/Src/stm32f1xx_hal_adc_ex.o
 .debug_macro   0x000000000001658f      0x1ac ./Drivers/STM32F1xx_HAL_Driver/Src/stm32f1xx_hal_cortex.o
 .debug_macro   0x000000000001673b      0x217 ./Drivers/STM32F1xx_HAL_Driver/Src/stm32f1xx_hal_gpio.o
 .debug_macro   0x0000000000016952      0x1fa ./Drivers/STM32F1xx_HAL_Driver/Src/stm32f1xx_hal_i2c.o
 .debug_macro   0x0000000000016b4c      0x1be ./Drivers/STM32F1xx_HAL_Driver/Src/stm32f1xx_hal_rcc.o
 .debug_macro   0x0000000000016d0a      0x1ac ./Drivers/STM32F1xx_HAL_Driver/Src/stm32f1xx_hal_rcc_ex.o
 .debug_macro   0x0000000000016eb6      0x1ad ./Drivers/STM32F1xx_HAL_Driver/Src/stm32f1xx_hal_uart.o

.debug_line     0x0000000000000000     0xdc3f
 .debug_line    0x0000000000000000      0x784 ./Core/Src/i2c-lcd.o
 .debug_line    0x0000000000000784      0x85a ./Core/Src/main.o
 .debug_line    0x0000000000000fde      0x79e ./Core/Src/stm32f1xx_hal_msp.o
 .debug_line    0x000000000000177c      0x7b3 ./Core/Src/stm32f1xx_it.o
 .debug_line    0x0000000000001f2f      0x73f ./Core/Src/system_stm32f1xx.o
 .debug_line    0x000000000000266e       0x86 ./Core/Startup/startup_stm32f103rbtx.o
 .debug_line    0x00000000000026f4      0x96c ./Drivers/STM32F1xx_HAL_Driver/Src/stm32f1xx_hal.o
 .debug_line    0x0000000000003060      0xff1 ./Drivers/STM32F1xx_HAL_Driver/Src/stm32f1xx_hal_adc.o
 .debug_line    0x0000000000004051      0xd35 ./Drivers/STM32F1xx_HAL_Driver/Src/stm32f1xx_hal_adc_ex.o
 .debug_line    0x0000000000004d86      0xb54 ./Drivers/STM32F1xx_HAL_Driver/Src/stm32f1xx_hal_cortex.o
 .debug_line    0x00000000000058da      0xa05 ./Drivers/STM32F1xx_HAL_Driver/Src/stm32f1xx_hal_gpio.o
 .debug_line    0x00000000000062df     0x3b02 ./Drivers/STM32F1xx_HAL_Driver/Src/stm32f1xx_hal_i2c.o
 .debug_line    0x0000000000009de1      0xd78 ./Drivers/STM32F1xx_HAL_Driver/Src/stm32f1xx_hal_rcc.o
 .debug_line    0x000000000000ab59      0x8b3 ./Drivers/STM32F1xx_HAL_Driver/Src/stm32f1xx_hal_rcc_ex.o
 .debug_line    0x000000000000b40c     0x2833 ./Drivers/STM32F1xx_HAL_Driver/Src/stm32f1xx_hal_uart.o

.debug_str      0x0000000000000000    0x85c87
 .debug_str     0x0000000000000000    0x82c47 ./Core/Src/i2c-lcd.o
                                      0x83000 (size before relaxing)
 .debug_str     0x0000000000082c47      0xa15 ./Core/Src/main.o
                                      0x83a95 (size before relaxing)
 .debug_str     0x000000000008365c       0xf1 ./Core/Src/stm32f1xx_hal_msp.o
                                      0x837f3 (size before relaxing)
 .debug_str     0x000000000008374d      0x10a ./Core/Src/stm32f1xx_it.o
                                      0x83001 (size before relaxing)
 .debug_str     0x0000000000083857       0x7e ./Core/Src/system_stm32f1xx.o
                                      0x82b50 (size before relaxing)
 .debug_str     0x00000000000838d5       0x36 ./Core/Startup/startup_stm32f103rbtx.o
                                         0x63 (size before relaxing)
 .debug_str     0x000000000008390b      0x384 ./Drivers/STM32F1xx_HAL_Driver/Src/stm32f1xx_hal.o
                                      0x83283 (size before relaxing)
 .debug_str     0x0000000000083c8f      0x367 ./Drivers/STM32F1xx_HAL_Driver/Src/stm32f1xx_hal_adc.o
                                      0x83234 (size before relaxing)
 .debug_str     0x0000000000083ff6      0x2d8 ./Drivers/STM32F1xx_HAL_Driver/Src/stm32f1xx_hal_adc_ex.o
                                      0x83204 (size before relaxing)
 .debug_str     0x00000000000842ce      0x294 ./Drivers/STM32F1xx_HAL_Driver/Src/stm32f1xx_hal_cortex.o
                                      0x831cf (size before relaxing)
 .debug_str     0x0000000000084562      0x2cd ./Drivers/STM32F1xx_HAL_Driver/Src/stm32f1xx_hal_gpio.o
                                      0x82ed6 (size before relaxing)
 .debug_str     0x000000000008482f      0xbac ./Drivers/STM32F1xx_HAL_Driver/Src/stm32f1xx_hal_i2c.o
                                      0x83c17 (size before relaxing)
 .debug_str     0x00000000000853db      0x209 ./Drivers/STM32F1xx_HAL_Driver/Src/stm32f1xx_hal_rcc.o
                                      0x82f7f (size before relaxing)
 .debug_str     0x00000000000855e4       0x84 ./Drivers/STM32F1xx_HAL_Driver/Src/stm32f1xx_hal_rcc_ex.o
                                      0x82ccf (size before relaxing)
 .debug_str     0x0000000000085668      0x61f ./Drivers/STM32F1xx_HAL_Driver/Src/stm32f1xx_hal_uart.o
                                      0x835f0 (size before relaxing)

.comment        0x0000000000000000       0x50
 .comment       0x0000000000000000       0x50 ./Core/Src/i2c-lcd.o
                                         0x51 (size before relaxing)
 .comment       0x0000000000000050       0x51 ./Core/Src/main.o
 .comment       0x0000000000000050       0x51 ./Core/Src/stm32f1xx_hal_msp.o
 .comment       0x0000000000000050       0x51 ./Core/Src/stm32f1xx_it.o
 .comment       0x0000000000000050       0x51 ./Core/Src/system_stm32f1xx.o
 .comment       0x0000000000000050       0x51 ./Drivers/STM32F1xx_HAL_Driver/Src/stm32f1xx_hal.o
 .comment       0x0000000000000050       0x51 ./Drivers/STM32F1xx_HAL_Driver/Src/stm32f1xx_hal_adc.o
 .comment       0x0000000000000050       0x51 ./Drivers/STM32F1xx_HAL_Driver/Src/stm32f1xx_hal_adc_ex.o
 .comment       0x0000000000000050       0x51 ./Drivers/STM32F1xx_HAL_Driver/Src/stm32f1xx_hal_cortex.o
 .comment       0x0000000000000050       0x51 ./Drivers/STM32F1xx_HAL_Driver/Src/stm32f1xx_hal_gpio.o
 .comment       0x0000000000000050       0x51 ./Drivers/STM32F1xx_HAL_Driver/Src/stm32f1xx_hal_i2c.o
 .comment       0x0000000000000050       0x51 ./Drivers/STM32F1xx_HAL_Driver/Src/stm32f1xx_hal_rcc.o
 .comment       0x0000000000000050       0x51 ./Drivers/STM32F1xx_HAL_Driver/Src/stm32f1xx_hal_rcc_ex.o
 .comment       0x0000000000000050       0x51 ./Drivers/STM32F1xx_HAL_Driver/Src/stm32f1xx_hal_uart.o

.debug_frame    0x0000000000000000     0x2bec
 .debug_frame   0x0000000000000000       0xd8 ./Core/Src/i2c-lcd.o
 .debug_frame   0x00000000000000d8      0x110 ./Core/Src/main.o
 .debug_frame   0x00000000000001e8      0x110 ./Core/Src/stm32f1xx_hal_msp.o
 .debug_frame   0x00000000000002f8      0x13c ./Core/Src/stm32f1xx_it.o
 .debug_frame   0x0000000000000434       0x58 ./Core/Src/system_stm32f1xx.o
 .debug_frame   0x000000000000048c      0x334 ./Drivers/STM32F1xx_HAL_Driver/Src/stm32f1xx_hal.o
 .debug_frame   0x00000000000007c0      0x40c ./Drivers/STM32F1xx_HAL_Driver/Src/stm32f1xx_hal_adc.o
 .debug_frame   0x0000000000000bcc      0x200 ./Drivers/STM32F1xx_HAL_Driver/Src/stm32f1xx_hal_adc_ex.o
 .debug_frame   0x0000000000000dcc      0x428 ./Drivers/STM32F1xx_HAL_Driver/Src/stm32f1xx_hal_cortex.o
 .debug_frame   0x00000000000011f4      0x14c ./Drivers/STM32F1xx_HAL_Driver/Src/stm32f1xx_hal_gpio.o
 .debug_frame   0x0000000000001340      0xc84 ./Drivers/STM32F1xx_HAL_Driver/Src/stm32f1xx_hal_i2c.o
 .debug_frame   0x0000000000001fc4      0x218 ./Drivers/STM32F1xx_HAL_Driver/Src/stm32f1xx_hal_rcc.o
 .debug_frame   0x00000000000021dc       0x80 ./Drivers/STM32F1xx_HAL_Driver/Src/stm32f1xx_hal_rcc_ex.o
 .debug_frame   0x000000000000225c      0x944 ./Drivers/STM32F1xx_HAL_Driver/Src/stm32f1xx_hal_uart.o
 .debug_frame   0x0000000000002ba0       0x2c d:/bkra/keil c test/stm32cubeide_1.10.1/stm32cubeide/plugins/com.st.stm32cube.ide.mcu.externaltools.gnu-tools-for-stm32.10.3-2021.10.win32_1.0.0.202111181127/tools/bin/../lib/gcc/arm-none-eabi/10.3.1/../../../../arm-none-eabi/lib/thumb/v7-m/nofp\libc_nano.a(lib_a-init.o)
 .debug_frame   0x0000000000002bcc       0x20 d:/bkra/keil c test/stm32cubeide_1.10.1/stm32cubeide/plugins/com.st.stm32cube.ide.mcu.externaltools.gnu-tools-for-stm32.10.3-2021.10.win32_1.0.0.202111181127/tools/bin/../lib/gcc/arm-none-eabi/10.3.1/../../../../arm-none-eabi/lib/thumb/v7-m/nofp\libc_nano.a(lib_a-memset.o)
