Archive member included to satisfy reference by file (symbol)

d:/bkra/keil c test/stm32cubeide_1.10.1/stm32cubeide/plugins/com.st.stm32cube.ide.mcu.externaltools.gnu-tools-for-stm32.10.3-2021.10.win32_1.0.0.202111181127/tools/bin/../lib/gcc/arm-none-eabi/10.3.1/../../../../arm-none-eabi/lib/thumb/v7-m/nofp\libc_nano.a(lib_a-errno.o)
                              ./Core/Src/syscalls.o (__errno)
d:/bkra/keil c test/stm32cubeide_1.10.1/stm32cubeide/plugins/com.st.stm32cube.ide.mcu.externaltools.gnu-tools-for-stm32.10.3-2021.10.win32_1.0.0.202111181127/tools/bin/../lib/gcc/arm-none-eabi/10.3.1/../../../../arm-none-eabi/lib/thumb/v7-m/nofp\libc_nano.a(lib_a-exit.o)
                              d:/bkra/keil c test/stm32cubeide_1.10.1/stm32cubeide/plugins/com.st.stm32cube.ide.mcu.externaltools.gnu-tools-for-stm32.10.3-2021.10.win32_1.0.0.202111181127/tools/bin/../lib/gcc/arm-none-eabi/10.3.1/../../../../arm-none-eabi/lib/thumb/v7-m/nofp/crt0.o (exit)
d:/bkra/keil c test/stm32cubeide_1.10.1/stm32cubeide/plugins/com.st.stm32cube.ide.mcu.externaltools.gnu-tools-for-stm32.10.3-2021.10.win32_1.0.0.202111181127/tools/bin/../lib/gcc/arm-none-eabi/10.3.1/../../../../arm-none-eabi/lib/thumb/v7-m/nofp\libc_nano.a(lib_a-impure.o)
                              d:/bkra/keil c test/stm32cubeide_1.10.1/stm32cubeide/plugins/com.st.stm32cube.ide.mcu.externaltools.gnu-tools-for-stm32.10.3-2021.10.win32_1.0.0.202111181127/tools/bin/../lib/gcc/arm-none-eabi/10.3.1/../../../../arm-none-eabi/lib/thumb/v7-m/nofp\libc_nano.a(lib_a-exit.o) (_global_impure_ptr)
d:/bkra/keil c test/stm32cubeide_1.10.1/stm32cubeide/plugins/com.st.stm32cube.ide.mcu.externaltools.gnu-tools-for-stm32.10.3-2021.10.win32_1.0.0.202111181127/tools/bin/../lib/gcc/arm-none-eabi/10.3.1/../../../../arm-none-eabi/lib/thumb/v7-m/nofp\libc_nano.a(lib_a-init.o)
                              d:/bkra/keil c test/stm32cubeide_1.10.1/stm32cubeide/plugins/com.st.stm32cube.ide.mcu.externaltools.gnu-tools-for-stm32.10.3-2021.10.win32_1.0.0.202111181127/tools/bin/../lib/gcc/arm-none-eabi/10.3.1/../../../../arm-none-eabi/lib/thumb/v7-m/nofp/crt0.o (__libc_init_array)
d:/bkra/keil c test/stm32cubeide_1.10.1/stm32cubeide/plugins/com.st.stm32cube.ide.mcu.externaltools.gnu-tools-for-stm32.10.3-2021.10.win32_1.0.0.202111181127/tools/bin/../lib/gcc/arm-none-eabi/10.3.1/../../../../arm-none-eabi/lib/thumb/v7-m/nofp\libc_nano.a(lib_a-memset.o)
                              d:/bkra/keil c test/stm32cubeide_1.10.1/stm32cubeide/plugins/com.st.stm32cube.ide.mcu.externaltools.gnu-tools-for-stm32.10.3-2021.10.win32_1.0.0.202111181127/tools/bin/../lib/gcc/arm-none-eabi/10.3.1/../../../../arm-none-eabi/lib/thumb/v7-m/nofp/crt0.o (memset)
d:/bkra/keil c test/stm32cubeide_1.10.1/stm32cubeide/plugins/com.st.stm32cube.ide.mcu.externaltools.gnu-tools-for-stm32.10.3-2021.10.win32_1.0.0.202111181127/tools/bin/../lib/gcc/arm-none-eabi/10.3.1/../../../../arm-none-eabi/lib/thumb/v7-m/nofp\libc_nano.a(lib_a-sprintf.o)
                              ./Core/Src/led_display.o (sprintf)
d:/bkra/keil c test/stm32cubeide_1.10.1/stm32cubeide/plugins/com.st.stm32cube.ide.mcu.externaltools.gnu-tools-for-stm32.10.3-2021.10.win32_1.0.0.202111181127/tools/bin/../lib/gcc/arm-none-eabi/10.3.1/../../../../arm-none-eabi/lib/thumb/v7-m/nofp\libc_nano.a(lib_a-nano-svfprintf.o)
                              d:/bkra/keil c test/stm32cubeide_1.10.1/stm32cubeide/plugins/com.st.stm32cube.ide.mcu.externaltools.gnu-tools-for-stm32.10.3-2021.10.win32_1.0.0.202111181127/tools/bin/../lib/gcc/arm-none-eabi/10.3.1/../../../../arm-none-eabi/lib/thumb/v7-m/nofp\libc_nano.a(lib_a-sprintf.o) (_svfprintf_r)
d:/bkra/keil c test/stm32cubeide_1.10.1/stm32cubeide/plugins/com.st.stm32cube.ide.mcu.externaltools.gnu-tools-for-stm32.10.3-2021.10.win32_1.0.0.202111181127/tools/bin/../lib/gcc/arm-none-eabi/10.3.1/../../../../arm-none-eabi/lib/thumb/v7-m/nofp\libc_nano.a(lib_a-nano-vfprintf_i.o)
                              d:/bkra/keil c test/stm32cubeide_1.10.1/stm32cubeide/plugins/com.st.stm32cube.ide.mcu.externaltools.gnu-tools-for-stm32.10.3-2021.10.win32_1.0.0.202111181127/tools/bin/../lib/gcc/arm-none-eabi/10.3.1/../../../../arm-none-eabi/lib/thumb/v7-m/nofp\libc_nano.a(lib_a-nano-svfprintf.o) (_printf_i)
d:/bkra/keil c test/stm32cubeide_1.10.1/stm32cubeide/plugins/com.st.stm32cube.ide.mcu.externaltools.gnu-tools-for-stm32.10.3-2021.10.win32_1.0.0.202111181127/tools/bin/../lib/gcc/arm-none-eabi/10.3.1/../../../../arm-none-eabi/lib/thumb/v7-m/nofp\libc_nano.a(lib_a-memchr-stub.o)
                              d:/bkra/keil c test/stm32cubeide_1.10.1/stm32cubeide/plugins/com.st.stm32cube.ide.mcu.externaltools.gnu-tools-for-stm32.10.3-2021.10.win32_1.0.0.202111181127/tools/bin/../lib/gcc/arm-none-eabi/10.3.1/../../../../arm-none-eabi/lib/thumb/v7-m/nofp\libc_nano.a(lib_a-nano-svfprintf.o) (memchr)
[...]
Memory Configuration

Name             Origin             Length             Attributes
RAM              0x0000000020000000 0x0000000000005000 xrw
FLASH            0x0000000008000000 0x0000000000020000 xr
*default*        0x0000000000000000 0xffffffffffffffff

Linker script and memory map

LOAD d:/bkra/keil c test/stm32cubeide_1.10.1/stm32cubeide/plugins/com.st.stm32cube.ide.mcu.externaltools.gnu-tools-for-stm32.10.3-2021.10.win32_1.0.0.202111181127/tools/bin/../lib/gcc/arm-none-eabi/10.3.1/thumb/v7-m/nofp/crti.o
LOAD d:/bkra/keil c test/stm32cubeide_1.10.1/stm32cubeide/plugins/com.st.stm32cube.ide.mcu.externaltools.gnu-tools-for-stm32.10.3-2021.10.win32_1.0.0.202111181127/tools/bin/../lib/gcc/arm-none-eabi/10.3.1/thumb/v7-m/nofp/crtbegin.o
LOAD d:/bkra/keil c test/stm32cubeide_1.10.1/stm32cubeide/plugins/com.st.stm32cube.ide.mcu.externaltools.gnu-tools-for-stm32.10.3-2021.10.win32_1.0.0.202111181127/tools/bin/../lib/gcc/arm-none-eabi/10.3.1/../../../../arm-none-eabi/lib/thumb/v7-m/nofp/crt0.o
LOAD ./Core/Src/i2c-lcd.o
LOAD ./Core/Src/input_processing.o
LOAD ./Core/Src/input_reading.o
LOAD ./Core/Src/led_display.o
LOAD ./Core/Src/main.o
LOAD ./Core/Src/scheduler.o
LOAD ./Core/Src/stm32f1xx_hal_msp.o
LOAD ./Core/Src/stm32f1xx_it.o
LOAD ./Core/Src/syscalls.o
LOAD ./Core/Src/sysmem.o
LOAD ./Core/Src/system_stm32f1xx.o
LOAD ./Core/Src/timer.o
LOAD ./Core/Startup/startup_stm32f103rbtx.o
LOAD ./Drivers/STM32F1xx_HAL_Driver/Src/stm32f1xx_hal.o
LOAD ./Drivers/STM32F1xx_HAL_Driver/Src/stm32f1xx_hal_adc.o
LOAD ./Drivers/STM32F1xx_HAL_Driver/Src/stm32f1xx_hal_adc_ex.o
LOAD ./Drivers/STM32F1xx_HAL_Driver/Src/stm32f1xx_hal_cortex.o
LOAD ./Drivers/STM32F1xx_HAL_Driver/Src/stm32f1xx_hal_dma.o
LOAD ./Drivers/STM32F1xx_HAL_Driver/Src/stm32f1xx_hal_exti.o
LOAD ./Drivers/STM32F1xx_HAL_Driver/Src/stm32f1xx_hal_flash.o
LOAD ./Drivers/STM32F1xx_HAL_Driver/Src/stm32f1xx_hal_flash_ex.o
LOAD ./Drivers/STM32F1xx_HAL_Driver/Src/stm32f1xx_hal_gpio.o
LOAD ./Drivers/STM32F1xx_HAL_Driver/Src/stm32f1xx_hal_gpio_ex.o
LOAD ./Drivers/STM32F1xx_HAL_Driver/Src/stm32f1xx_hal_i2c.o
LOAD ./Drivers/STM32F1xx_HAL_Driver/Src/stm32f1xx_hal_pwr.o
LOAD ./Drivers/STM32F1xx_HAL_Driver/Src/stm32f1xx_hal_rcc.o
LOAD ./Drivers/STM32F1xx_HAL_Driver/Src/stm32f1xx_hal_rcc_ex.o
LOAD ./Drivers/STM32F1xx_HAL_Driver/Src/stm32f1xx_hal_tim.o
LOAD ./Drivers/STM32F1xx_HAL_Driver/Src/stm32f1xx_hal_tim_ex.o
LOAD ./Drivers/STM32F1xx_HAL_Driver/Src/stm32f1xx_hal_uart.o
START GROUP
LOAD d:/bkra/keil c test/stm32cubeide_1.10.1/stm32cubeide/plugins/com.st.stm32cube.ide.mcu.externaltools.gnu-tools-for-stm32.10.3-2021.10.win32_1.0.0.202111181127/tools/bin/../lib/gcc/arm-none-eabi/10.3.1/../../../../arm-none-eabi/lib/thumb/v7-m/nofp\libc_nano.a
LOAD d:/bkra/keil c test/stm32cubeide_1.10.1/stm32cubeide/plugins/com.st.stm32cube.ide.mcu.externaltools.gnu-tools-for-stm32.10.3-2021.10.win32_1.0.0.202111181127/tools/bin/../lib/gcc/arm-none-eabi/10.3.1/../../../../arm-none-eabi/lib/thumb/v7-m/nofp\libm.a
END GROUP
START GROUP
LOAD d:/bkra/keil c test/stm32cubeide_1.10.1/stm32cubeide/plugins/com.st.stm32cube.ide.mcu.externaltools.gnu-tools-for-stm32.10.3-2021.10.win32_1.0.0.202111181127/tools/bin/../lib/gcc/arm-none-eabi/10.3.1/thumb/v7-m/nofp\libgcc.a
LOAD d:/bkra/keil c test/stm32cubeide_1.10.1/stm32cubeide/plugins/com.st.stm32cube.ide.mcu.externaltools.gnu-tools-for-stm32.10.3-2021.10.win32_1.0.0.202111181127/tools/bin/../lib/gcc/arm-none-eabi/10.3.1/../../../../arm-none-eabi/lib/thumb/v7-m/nofp\libc_nano.a
END GROUP
START GROUP
LOAD d:/bkra/keil c test/stm32cubeide_1.10.1/stm32cubeide/plugins/com.st.stm32cube.ide.mcu.externaltools.gnu-tools-for-stm32.10.3-2021.10.win32_1.0.0.202111181127/tools/bin/../lib/gcc/arm-none-eabi/10.3.1/thumb/v7-m/nofp\libgcc.a
LOAD d:/bkra/keil c test/stm32cubeide_1.10.1/stm32cubeide/plugins/com.st.stm32cube.ide.mcu.externaltools.gnu-tools-for-stm32.10.3-2021.10.win32_1.0.0.202111181127/tools/bin/../lib/gcc/arm-none-eabi/10.3.1/../../../../arm-none-eabi/lib/thumb/v7-m/nofp\libc_nano.a
LOAD d:/bkra/keil c test/stm32cubeide_1.10.1/stm32cubeide/plugins/com.st.stm32cube.ide.mcu.externaltools.gnu-tools-for-stm32.10.3-2021.10.win32_1.0.0.202111181127/tools/bin/../lib/gcc/arm-none-eabi/10.3.1/../../../../arm-none-eabi/lib/thumb/v7-m/nofp\libnosys.a
END GROUP
START GROUP
LOAD d:/bkra/keil c test/stm32cubeide_1.10.1/stm32cubeide/plugins/com.st.stm32cube.ide.mcu.externaltools.gnu-tools-for-stm32.10.3-2021.10.win32_1.0.0.202111181127/tools/bin/../lib/gcc/arm-none-eabi/10.3.1/thumb/v7-m/nofp\libgcc.a
LOAD d:/bkra/keil c test/stm32cubeide_1.10.1/stm32cubeide/plugins/com.st.stm32cube.ide.mcu.externaltools.gnu-tools-for-stm32.10.3-2021.10.win32_1.0.0.202111181127/tools/bin/../lib/gcc/arm-none-eabi/10.3.1/../../../../arm-none-eabi/lib/thumb/v7-m/nofp\libc_nano.a
LOAD d:/bkra/keil c test/stm32cubeide_1.10.1/stm32cubeide/plugins/com.st.stm32cube.ide.mcu.externaltools.gnu-tools-for-stm32.10.3-2021.10.win32_1.0.0.202111181127/tools/bin/../lib/gcc/arm-none-eabi/10.3.1/../../../../arm-none-eabi/lib/thumb/v7-m/nofp\libnosys.a
END GROUP
LOAD d:/bkra/keil c test/stm32cubeide_1.10.1/stm32cubeide/plugins/com.st.stm32cube.ide.mcu.externaltools.gnu-tools-for-stm32.10.3-2021.10.win32_1.0.0.202111181127/tools/bin/../lib/gcc/arm-none-eabi/10.3.1/thumb/v7-m/nofp/crtend.o
LOAD d:/bkra/keil c test/stm32cubeide_1.10.1/stm32cubeide/plugins/com.st.stm32cube.ide.mcu.externaltools.gnu-tools-for-stm32.10.3-2021.10.win32_1.0.0.202111181127/tools/bin/../lib/gcc/arm-none-eabi/10.3.1/thumb/v7-m/nofp/crtn.o
                0x0000000020005000                _estack = (ORIGIN (RAM) + LENGTH (RAM))
                0x0000000000000200                _Min_Heap_Size = 0x200
                0x0000000000000400                _Min_Stack_Size = 0x400

.isr_vector     0x0000000008000000      0x10c
                0x0000000008000000                . = ALIGN (0x4)
 *(.isr_vector)
 .isr_vector    0x0000000008000000      0x10c ./Core/Startup/startup_stm32f103rbtx.o
                0x0000000008000000                g_pfnVectors
                0x000000000800010c                . = ALIGN (0x4)

.text           0x000000000800010c     0x4728
                0x000000000800010c                . = ALIGN (0x4)
 *(.text)
 .text          0x000000000800010c       0x40 d:/bkra/keil c test/stm32cubeide_1.10.1/stm32cubeide/plugins/com.st.stm32cube.ide.mcu.externaltools.gnu-tools-for-stm32.10.3-2021.10.win32_1.0.0.202111181127/tools/bin/../lib/gcc/arm-none-eabi/10.3.1/thumb/v7-m/nofp/crtbegin.o
 *(.text*)
 .text.lcd_send_cmd
                0x000000000800014c       0x60 ./Core/Src/i2c-lcd.o
                0x000000000800014c                lcd_send_cmd
 .text.lcd_send_data
                0x00000000080001ac       0x60 ./Core/Src/i2c-lcd.o
                0x00000000080001ac                lcd_send_data
 .text.lcd_init
                0x000000000800020c       0x98 ./Core/Src/i2c-lcd.o
                0x000000000800020c                lcd_init
 .text.lcd_send_string
                0x00000000080002a4       0x2a ./Core/Src/i2c-lcd.o
                0x00000000080002a4                lcd_send_string
 .text.lcd_goto_XY
                0x00000000080002ce       0x44 ./Core/Src/i2c-lcd.o
                0x00000000080002ce                lcd_goto_XY
 *fill*         0x0000000008000312        0x2 
 .text.handle_mode
                0x0000000008000314       0x44 ./Core/Src/input_processing.o
                0x0000000008000314                handle_mode
 .text.getKeyInput
                0x0000000008000358       0xdc ./Core/Src/input_processing.o
                0x0000000008000358                getKeyInput
 .text.fsm_for_input_processing
                0x0000000008000434       0xe0 ./Core/Src/input_processing.o
                0x0000000008000434                fsm_for_input_processing
 .text.button_reading
                0x0000000008000514       0xd8 ./Core/Src/input_reading.o
                0x0000000008000514                button_reading
 .text.led_red_blink
                0x00000000080005ec       0x90 ./Core/Src/led_display.o
                0x00000000080005ec                led_red_blink
 .text.led_green_blink
                0x000000000800067c       0x34 ./Core/Src/led_display.o
                0x000000000800067c                led_green_blink
 .text.led_yellow_blink
                0x00000000080006b0       0x34 ./Core/Src/led_display.o
                0x00000000080006b0                led_yellow_blink
 .text.on_red1_led
                0x00000000080006e4       0x20 ./Core/Src/led_display.o
                0x00000000080006e4                on_red1_led
 .text.on_yellow1_led
                0x0000000008000704       0x20 ./Core/Src/led_display.o
                0x0000000008000704                on_yellow1_led
 .text.on_green1_led
                0x0000000008000724       0x20 ./Core/Src/led_display.o
                0x0000000008000724                on_green1_led
 .text.on_red2_led
                0x0000000008000744       0x24 ./Core/Src/led_display.o
                0x0000000008000744                on_red2_led
 .text.on_yellow2_led
                0x0000000008000768       0x24 ./Core/Src/led_display.o
                0x0000000008000768                on_yellow2_led
 .text.on_green2_led
                0x000000000800078c       0x24 ./Core/Src/led_display.o
                0x000000000800078c                on_green2_led
 .text.modify_red_duration
                0x00000000080007b0        0xc ./Core/Src/led_display.o
                0x00000000080007b0                modify_red_duration
 .text.modify_yellow_duration
                0x00000000080007bc        0xc ./Core/Src/led_display.o
                0x00000000080007bc                modify_yellow_duration
 .text.modify_green_duration
                0x00000000080007c8        0xc ./Core/Src/led_display.o
                0x00000000080007c8                modify_green_duration
 .text.updatemode
                0x00000000080007d4       0x1c ./Core/Src/led_display.o
                0x00000000080007d4                updatemode
 .text.timeledlight
                0x00000000080007f0       0x78 ./Core/Src/led_display.o
                0x00000000080007f0                timeledlight
 .text.normalstate
                0x0000000008000868      0x154 ./Core/Src/led_display.o
                0x0000000008000868                normalstate
 .text.update_numbers
                0x00000000080009bc       0x28 ./Core/Src/led_display.o
                0x00000000080009bc                update_numbers
 .text.increment_duration
                0x00000000080009e4       0x44 ./Core/Src/led_display.o
                0x00000000080009e4                increment_duration
 .text.save_duration
                0x0000000008000a28       0x32 ./Core/Src/led_display.o
                0x0000000008000a28                save_duration
 *fill*         0x0000000008000a5a        0x2 
 .text.but2_red
                0x0000000008000a5c       0x14 ./Core/Src/led_display.o
                0x0000000008000a5c                but2_red
 .text.but2_ye  0x0000000008000a70       0x14 ./Core/Src/led_display.o
                0x0000000008000a70                but2_ye
 .text.but2_gr  0x0000000008000a84       0x14 ./Core/Src/led_display.o
                0x0000000008000a84                but2_gr
 .text.but3_red
                0x0000000008000a98       0x18 ./Core/Src/led_display.o
                0x0000000008000a98                but3_red
 .text.but3_ye  0x0000000008000ab0       0x18 ./Core/Src/led_display.o
                0x0000000008000ab0                but3_ye
 .text.but3_gr  0x0000000008000ac8       0x18 ./Core/Src/led_display.o
                0x0000000008000ac8                but3_gr
 .text.HAL_ADC_ConvCpltCallback
                0x0000000008000ae0       0x12 ./Core/Src/main.o
                0x0000000008000ae0                HAL_ADC_ConvCpltCallback
 .text.HAL_TIM_PeriodElapsedCallback
                0x0000000008000af2       0x14 ./Core/Src/main.o
                0x0000000008000af2                HAL_TIM_PeriodElapsedCallback
 *fill*         0x0000000008000b06        0x2 
 .text.main     0x0000000008000b08       0x78 ./Core/Src/main.o
                0x0000000008000b08                main
 .text.SystemClock_Config
                0x0000000008000b80       0xaa ./Core/Src/main.o
                0x0000000008000b80                SystemClock_Config
 *fill*         0x0000000008000c2a        0x2 
 .text.MX_ADC1_Init
                0x0000000008000c2c       0x7c ./Core/Src/main.o
 .text.MX_I2C1_Init
                0x0000000008000ca8       0x5c ./Core/Src/main.o
 .text.MX_TIM2_Init
                0x0000000008000d04       0x98 ./Core/Src/main.o
 .text.MX_USART2_UART_Init
                0x0000000008000d9c       0x54 ./Core/Src/main.o
 .text.MX_GPIO_Init
                0x0000000008000df0      0x168 ./Core/Src/main.o
 .text.Error_Handler
                0x0000000008000f58        0xa ./Core/Src/main.o
                0x0000000008000f58                Error_Handler
 *fill*         0x0000000008000f62        0x2 
 .text.SCH_Init
                0x0000000008000f64       0x18 ./Core/Src/scheduler.o
                0x0000000008000f64                SCH_Init
 .text.SCH_Add_Task
                0x0000000008000f7c       0xac ./Core/Src/scheduler.o
                0x0000000008000f7c                SCH_Add_Task
 .text.SCH_Update
                0x0000000008001028       0xbc ./Core/Src/scheduler.o
                0x0000000008001028                SCH_Update
 .text.SCH_Delete_Task
                0x00000000080010e4       0x6c ./Core/Src/scheduler.o
                0x00000000080010e4                SCH_Delete_Task
 .text.SCH_Dispatch_Tasks
                0x0000000008001150       0xac ./Core/Src/scheduler.o
                0x0000000008001150                SCH_Dispatch_Tasks
 .text.HAL_MspInit
                0x00000000080011fc       0x64 ./Core/Src/stm32f1xx_hal_msp.o
                0x00000000080011fc                HAL_MspInit
 .text.HAL_ADC_MspInit
                0x0000000008001260       0x88 ./Core/Src/stm32f1xx_hal_msp.o
                0x0000000008001260                HAL_ADC_MspInit
 .text.HAL_I2C_MspInit
                0x00000000080012e8       0xa0 ./Core/Src/stm32f1xx_hal_msp.o
                0x00000000080012e8                HAL_I2C_MspInit
 .text.HAL_TIM_Base_MspInit
                0x0000000008001388       0x48 ./Core/Src/stm32f1xx_hal_msp.o
                0x0000000008001388                HAL_TIM_Base_MspInit
 .text.HAL_UART_MspInit
                0x00000000080013d0       0x7c ./Core/Src/stm32f1xx_hal_msp.o
                0x00000000080013d0                HAL_UART_MspInit
 .text.NMI_Handler
                0x000000000800144c        0x6 ./Core/Src/stm32f1xx_it.o
                0x000000000800144c                NMI_Handler
 .text.HardFault_Handler
                0x0000000008001452        0x6 ./Core/Src/stm32f1xx_it.o
                0x0000000008001452                HardFault_Handler
 .text.MemManage_Handler
                0x0000000008001458        0x6 ./Core/Src/stm32f1xx_it.o
                0x0000000008001458                MemManage_Handler
 .text.BusFault_Handler
                0x000000000800145e        0x6 ./Core/Src/stm32f1xx_it.o
                0x000000000800145e                BusFault_Handler
 .text.UsageFault_Handler
                0x0000000008001464        0x6 ./Core/Src/stm32f1xx_it.o
                0x0000000008001464                UsageFault_Handler
 .text.SVC_Handler
                0x000000000800146a        0xc ./Core/Src/stm32f1xx_it.o
                0x000000000800146a                SVC_Handler
 .text.DebugMon_Handler
                0x0000000008001476        0xc ./Core/Src/stm32f1xx_it.o
                0x0000000008001476                DebugMon_Handler
 .text.PendSV_Handler
                0x0000000008001482        0xc ./Core/Src/stm32f1xx_it.o
                0x0000000008001482                PendSV_Handler
 .text.SysTick_Handler
                0x000000000800148e        0xc ./Core/Src/stm32f1xx_it.o
                0x000000000800148e                SysTick_Handler
 *fill*         0x000000000800149a        0x2 
 .text.ADC1_2_IRQHandler
                0x000000000800149c       0x14 ./Core/Src/stm32f1xx_it.o
                0x000000000800149c                ADC1_2_IRQHandler
 .text.TIM2_IRQHandler
                0x00000000080014b0       0x14 ./Core/Src/stm32f1xx_it.o
                0x00000000080014b0                TIM2_IRQHandler
 .text.EXTI15_10_IRQHandler
                0x00000000080014c4       0x10 ./Core/Src/stm32f1xx_it.o
                0x00000000080014c4                EXTI15_10_IRQHandler
 .text._sbrk    0x00000000080014d4       0x6c ./Core/Src/sysmem.o
                0x00000000080014d4                _sbrk
 .text.SystemInit
                0x0000000008001540        0xc ./Core/Src/system_stm32f1xx.o
                0x0000000008001540                SystemInit
 .text.Reset_Handler
                0x000000000800154c       0x48 ./Core/Startup/startup_stm32f103rbtx.o
                0x000000000800154c                Reset_Handler
 .text.Default_Handler
                0x0000000008001594        0x2 ./Core/Startup/startup_stm32f103rbtx.o
                0x0000000008001594                RTC_Alarm_IRQHandler
                0x0000000008001594                EXTI2_IRQHandler
                0x0000000008001594                TIM1_CC_IRQHandler
                0x0000000008001594                PVD_IRQHandler
                0x0000000008001594                EXTI3_IRQHandler
                0x0000000008001594                EXTI0_IRQHandler
                0x0000000008001594                I2C2_EV_IRQHandler
                0x0000000008001594                SPI1_IRQHandler
                0x0000000008001594                TAMPER_IRQHandler
                0x0000000008001594                DMA1_Channel4_IRQHandler
                0x0000000008001594                USART3_IRQHandler
                0x0000000008001594                RTC_IRQHandler
                0x0000000008001594                DMA1_Channel7_IRQHandler
                0x0000000008001594                CAN1_RX1_IRQHandler
                0x0000000008001594                TIM4_IRQHandler
                0x0000000008001594                I2C1_EV_IRQHandler
                0x0000000008001594                DMA1_Channel6_IRQHandler
                0x0000000008001594                TIM3_IRQHandler
                0x0000000008001594                RCC_IRQHandler
                0x0000000008001594                TIM1_TRG_COM_IRQHandler
                0x0000000008001594                DMA1_Channel1_IRQHandler
                0x0000000008001594                Default_Handler
                0x0000000008001594                EXTI9_5_IRQHandler
                0x0000000008001594                SPI2_IRQHandler
                0x0000000008001594                DMA1_Channel5_IRQHandler
                0x0000000008001594                EXTI4_IRQHandler
                0x0000000008001594                USB_LP_CAN1_RX0_IRQHandler
                0x0000000008001594                USB_HP_CAN1_TX_IRQHandler
                0x0000000008001594                DMA1_Channel3_IRQHandler
                0x0000000008001594                TIM1_UP_IRQHandler
                0x0000000008001594                WWDG_IRQHandler
                0x0000000008001594                TIM1_BRK_IRQHandler
                0x0000000008001594                EXTI1_IRQHandler
                0x0000000008001594                USART2_IRQHandler
                0x0000000008001594                I2C2_ER_IRQHandler
                0x0000000008001594                DMA1_Channel2_IRQHandler
                0x0000000008001594                CAN1_SCE_IRQHandler
                0x0000000008001594                FLASH_IRQHandler
                0x0000000008001594                USART1_IRQHandler
                0x0000000008001594                I2C1_ER_IRQHandler
                0x0000000008001594                USBWakeUp_IRQHandler
 *fill*         0x0000000008001596        0x2 
 .text.HAL_Init
                0x0000000008001598       0x2c ./Drivers/STM32F1xx_HAL_Driver/Src/stm32f1xx_hal.o
                0x0000000008001598                HAL_Init
 .text.HAL_InitTick
                0x00000000080015c4       0x60 ./Drivers/STM32F1xx_HAL_Driver/Src/stm32f1xx_hal.o
                0x00000000080015c4                HAL_InitTick
 .text.HAL_IncTick
                0x0000000008001624       0x24 ./Drivers/STM32F1xx_HAL_Driver/Src/stm32f1xx_hal.o
                0x0000000008001624                HAL_IncTick
 .text.HAL_GetTick
                0x0000000008001648       0x14 ./Drivers/STM32F1xx_HAL_Driver/Src/stm32f1xx_hal.o
                0x0000000008001648                HAL_GetTick
 .text.HAL_Delay
                0x000000000800165c       0x48 ./Drivers/STM32F1xx_HAL_Driver/Src/stm32f1xx_hal.o
                0x000000000800165c                HAL_Delay
 .text.HAL_ADC_Init
                0x00000000080016a4      0x1b0 ./Drivers/STM32F1xx_HAL_Driver/Src/stm32f1xx_hal_adc.o
                0x00000000080016a4                HAL_ADC_Init
 .text.HAL_ADC_IRQHandler
                0x0000000008001854      0x17e ./Drivers/STM32F1xx_HAL_Driver/Src/stm32f1xx_hal_adc.o
                0x0000000008001854                HAL_ADC_IRQHandler
 .text.HAL_ADC_LevelOutOfWindowCallback
                0x00000000080019d2       0x12 ./Drivers/STM32F1xx_HAL_Driver/Src/stm32f1xx_hal_adc.o
                0x00000000080019d2                HAL_ADC_LevelOutOfWindowCallback
 .text.HAL_ADC_ConfigChannel
                0x00000000080019e4      0x1f0 ./Drivers/STM32F1xx_HAL_Driver/Src/stm32f1xx_hal_adc.o
                0x00000000080019e4                HAL_ADC_ConfigChannel
 .text.ADC_ConversionStop_Disable
                0x0000000008001bd4       0x82 ./Drivers/STM32F1xx_HAL_Driver/Src/stm32f1xx_hal_adc.o
                0x0000000008001bd4                ADC_ConversionStop_Disable
 .text.HAL_ADCEx_InjectedConvCpltCallback
                0x0000000008001c56       0x12 ./Drivers/STM32F1xx_HAL_Driver/Src/stm32f1xx_hal_adc_ex.o
                0x0000000008001c56                HAL_ADCEx_InjectedConvCpltCallback
 .text.__NVIC_SetPriorityGrouping
                0x0000000008001c68       0x48 ./Drivers/STM32F1xx_HAL_Driver/Src/stm32f1xx_hal_cortex.o
 .text.__NVIC_GetPriorityGrouping
                0x0000000008001cb0       0x1c ./Drivers/STM32F1xx_HAL_Driver/Src/stm32f1xx_hal_cortex.o
 .text.__NVIC_EnableIRQ
                0x0000000008001ccc       0x38 ./Drivers/STM32F1xx_HAL_Driver/Src/stm32f1xx_hal_cortex.o
 .text.__NVIC_SetPriority
                0x0000000008001d04       0x54 ./Drivers/STM32F1xx_HAL_Driver/Src/stm32f1xx_hal_cortex.o
 .text.NVIC_EncodePriority
                0x0000000008001d58       0x64 ./Drivers/STM32F1xx_HAL_Driver/Src/stm32f1xx_hal_cortex.o
 .text.SysTick_Config
                0x0000000008001dbc       0x44 ./Drivers/STM32F1xx_HAL_Driver/Src/stm32f1xx_hal_cortex.o
 .text.HAL_NVIC_SetPriorityGrouping
                0x0000000008001e00       0x16 ./Drivers/STM32F1xx_HAL_Driver/Src/stm32f1xx_hal_cortex.o
                0x0000000008001e00                HAL_NVIC_SetPriorityGrouping
 .text.HAL_NVIC_SetPriority
                0x0000000008001e16       0x38 ./Drivers/STM32F1xx_HAL_Driver/Src/stm32f1xx_hal_cortex.o
                0x0000000008001e16                HAL_NVIC_SetPriority
 .text.HAL_NVIC_EnableIRQ
                0x0000000008001e4e       0x1c ./Drivers/STM32F1xx_HAL_Driver/Src/stm32f1xx_hal_cortex.o
                0x0000000008001e4e                HAL_NVIC_EnableIRQ
 .text.HAL_SYSTICK_Config
                0x0000000008001e6a       0x18 ./Drivers/STM32F1xx_HAL_Driver/Src/stm32f1xx_hal_cortex.o
                0x0000000008001e6a                HAL_SYSTICK_Config
 *fill*         0x0000000008001e82        0x2 
 .text.HAL_GPIO_Init
                0x0000000008001e84      0x308 ./Drivers/STM32F1xx_HAL_Driver/Src/stm32f1xx_hal_gpio.o
                0x0000000008001e84                HAL_GPIO_Init
 .text.HAL_GPIO_ReadPin
                0x000000000800218c       0x2e ./Drivers/STM32F1xx_HAL_Driver/Src/stm32f1xx_hal_gpio.o
                0x000000000800218c                HAL_GPIO_ReadPin
 .text.HAL_GPIO_WritePin
                0x00000000080021ba       0x30 ./Drivers/STM32F1xx_HAL_Driver/Src/stm32f1xx_hal_gpio.o
                0x00000000080021ba                HAL_GPIO_WritePin
 .text.HAL_GPIO_TogglePin
                0x00000000080021ea       0x32 ./Drivers/STM32F1xx_HAL_Driver/Src/stm32f1xx_hal_gpio.o
                0x00000000080021ea                HAL_GPIO_TogglePin
 .text.HAL_GPIO_EXTI_IRQHandler
                0x000000000800221c       0x30 ./Drivers/STM32F1xx_HAL_Driver/Src/stm32f1xx_hal_gpio.o
                0x000000000800221c                HAL_GPIO_EXTI_IRQHandler
 .text.HAL_GPIO_EXTI_Callback
                0x000000000800224c       0x14 ./Drivers/STM32F1xx_HAL_Driver/Src/stm32f1xx_hal_gpio.o
                0x000000000800224c                HAL_GPIO_EXTI_Callback
 .text.HAL_I2C_Init
                0x0000000008002260      0x288 ./Drivers/STM32F1xx_HAL_Driver/Src/stm32f1xx_hal_i2c.o
                0x0000000008002260                HAL_I2C_Init
 .text.HAL_I2C_Master_Transmit
                0x00000000080024e8      0x1fc ./Drivers/STM32F1xx_HAL_Driver/Src/stm32f1xx_hal_i2c.o
                0x00000000080024e8                HAL_I2C_Master_Transmit
 .text.I2C_MasterRequestWrite
                0x00000000080026e4      0x104 ./Drivers/STM32F1xx_HAL_Driver/Src/stm32f1xx_hal_i2c.o
 .text.I2C_WaitOnFlagUntilTimeout
                0x00000000080027e8       0xf4 ./Drivers/STM32F1xx_HAL_Driver/Src/stm32f1xx_hal_i2c.o
 .text.I2C_WaitOnMasterAddressFlagUntilTimeout
                0x00000000080028dc      0x140 ./Drivers/STM32F1xx_HAL_Driver/Src/stm32f1xx_hal_i2c.o
 .text.I2C_WaitOnTXEFlagUntilTimeout
                0x0000000008002a1c       0x90 ./Drivers/STM32F1xx_HAL_Driver/Src/stm32f1xx_hal_i2c.o
 .text.I2C_WaitOnBTFFlagUntilTimeout
                0x0000000008002aac       0x90 ./Drivers/STM32F1xx_HAL_Driver/Src/stm32f1xx_hal_i2c.o
 .text.I2C_IsAcknowledgeFailed
                0x0000000008002b3c       0x5c ./Drivers/STM32F1xx_HAL_Driver/Src/stm32f1xx_hal_i2c.o
 .text.HAL_RCC_OscConfig
                0x0000000008002b98      0x504 ./Drivers/STM32F1xx_HAL_Driver/Src/stm32f1xx_hal_rcc.o
                0x0000000008002b98                HAL_RCC_OscConfig
 .text.HAL_RCC_ClockConfig
                0x000000000800309c      0x1d4 ./Drivers/STM32F1xx_HAL_Driver/Src/stm32f1xx_hal_rcc.o
                0x000000000800309c                HAL_RCC_ClockConfig
 .text.HAL_RCC_GetSysClockFreq
                0x0000000008003270       0xa8 ./Drivers/STM32F1xx_HAL_Driver/Src/stm32f1xx_hal_rcc.o
                0x0000000008003270                HAL_RCC_GetSysClockFreq
 .text.HAL_RCC_GetHCLKFreq
                0x0000000008003318       0x14 ./Drivers/STM32F1xx_HAL_Driver/Src/stm32f1xx_hal_rcc.o
                0x0000000008003318                HAL_RCC_GetHCLKFreq
 .text.HAL_RCC_GetPCLK1Freq
                0x000000000800332c       0x28 ./Drivers/STM32F1xx_HAL_Driver/Src/stm32f1xx_hal_rcc.o
                0x000000000800332c                HAL_RCC_GetPCLK1Freq
 .text.HAL_RCC_GetPCLK2Freq
                0x0000000008003354       0x28 ./Drivers/STM32F1xx_HAL_Driver/Src/stm32f1xx_hal_rcc.o
                0x0000000008003354                HAL_RCC_GetPCLK2Freq
 .text.RCC_Delay
                0x000000000800337c       0x3c ./Drivers/STM32F1xx_HAL_Driver/Src/stm32f1xx_hal_rcc.o
 .text.HAL_RCCEx_PeriphCLKConfig
                0x00000000080033b8      0x16c ./Drivers/STM32F1xx_HAL_Driver/Src/stm32f1xx_hal_rcc_ex.o
                0x00000000080033b8                HAL_RCCEx_PeriphCLKConfig
 .text.HAL_TIM_Base_Init
                0x0000000008003524       0x9e ./Drivers/STM32F1xx_HAL_Driver/Src/stm32f1xx_hal_tim.o
                0x0000000008003524                HAL_TIM_Base_Init
 *fill*         0x00000000080035c2        0x2 
 .text.HAL_TIM_Base_Start_IT
                0x00000000080035c4       0xa4 ./Drivers/STM32F1xx_HAL_Driver/Src/stm32f1xx_hal_tim.o
                0x00000000080035c4                HAL_TIM_Base_Start_IT
 .text.HAL_TIM_IRQHandler
                0x0000000008003668      0x1e0 ./Drivers/STM32F1xx_HAL_Driver/Src/stm32f1xx_hal_tim.o
                0x0000000008003668                HAL_TIM_IRQHandler
 .text.HAL_TIM_ConfigClockSource
                0x0000000008003848      0x18e ./Drivers/STM32F1xx_HAL_Driver/Src/stm32f1xx_hal_tim.o
                0x0000000008003848                HAL_TIM_ConfigClockSource
 .text.HAL_TIM_OC_DelayElapsedCallback
                0x00000000080039d6       0x12 ./Drivers/STM32F1xx_HAL_Driver/Src/stm32f1xx_hal_tim.o
                0x00000000080039d6                HAL_TIM_OC_DelayElapsedCallback
 .text.HAL_TIM_IC_CaptureCallback
                0x00000000080039e8       0x12 ./Drivers/STM32F1xx_HAL_Driver/Src/stm32f1xx_hal_tim.o
                0x00000000080039e8                HAL_TIM_IC_CaptureCallback
 .text.HAL_TIM_PWM_PulseFinishedCallback
                0x00000000080039fa       0x12 ./Drivers/STM32F1xx_HAL_Driver/Src/stm32f1xx_hal_tim.o
                0x00000000080039fa                HAL_TIM_PWM_PulseFinishedCallback
 .text.HAL_TIM_TriggerCallback
                0x0000000008003a0c       0x12 ./Drivers/STM32F1xx_HAL_Driver/Src/stm32f1xx_hal_tim.o
                0x0000000008003a0c                HAL_TIM_TriggerCallback
 *fill*         0x0000000008003a1e        0x2 
 .text.TIM_Base_SetConfig
                0x0000000008003a20       0xdc ./Drivers/STM32F1xx_HAL_Driver/Src/stm32f1xx_hal_tim.o
                0x0000000008003a20                TIM_Base_SetConfig
 .text.TIM_TI1_ConfigInputStage
                0x0000000008003afc       0x5c ./Drivers/STM32F1xx_HAL_Driver/Src/stm32f1xx_hal_tim.o
 .text.TIM_TI2_ConfigInputStage
                0x0000000008003b58       0x5e ./Drivers/STM32F1xx_HAL_Driver/Src/stm32f1xx_hal_tim.o
 .text.TIM_ITRx_SetConfig
                0x0000000008003bb6       0x34 ./Drivers/STM32F1xx_HAL_Driver/Src/stm32f1xx_hal_tim.o
 .text.TIM_ETR_SetConfig
                0x0000000008003bea       0x3e ./Drivers/STM32F1xx_HAL_Driver/Src/stm32f1xx_hal_tim.o
                0x0000000008003bea                TIM_ETR_SetConfig
 .text.HAL_TIMEx_MasterConfigSynchronization
                0x0000000008003c28       0xbc ./Drivers/STM32F1xx_HAL_Driver/Src/stm32f1xx_hal_tim_ex.o
                0x0000000008003c28                HAL_TIMEx_MasterConfigSynchronization
 .text.HAL_TIMEx_CommutCallback
                0x0000000008003ce4       0x12 ./Drivers/STM32F1xx_HAL_Driver/Src/stm32f1xx_hal_tim_ex.o
                0x0000000008003ce4                HAL_TIMEx_CommutCallback
 .text.HAL_TIMEx_BreakCallback
                0x0000000008003cf6       0x12 ./Drivers/STM32F1xx_HAL_Driver/Src/stm32f1xx_hal_tim_ex.o
                0x0000000008003cf6                HAL_TIMEx_BreakCallback
 .text.HAL_UART_Init
                0x0000000008003d08       0xa0 ./Drivers/STM32F1xx_HAL_Driver/Src/stm32f1xx_hal_uart.o
                0x0000000008003d08                HAL_UART_Init
 .text.UART_SetConfig
                0x0000000008003da8      0x11c ./Drivers/STM32F1xx_HAL_Driver/Src/stm32f1xx_hal_uart.o
 .text.__errno  0x0000000008003ec4        0xc d:/bkra/keil c test/stm32cubeide_1.10.1/stm32cubeide/plugins/com.st.stm32cube.ide.mcu.externaltools.gnu-tools-for-stm32.10.3-2021.10.win32_1.0.0.202111181127/tools/bin/../lib/gcc/arm-none-eabi/10.3.1/../../../../arm-none-eabi/lib/thumb/v7-m/nofp\libc_nano.a(lib_a-errno.o)
                0x0000000008003ec4                __errno
 .text.__libc_init_array
                0x0000000008003ed0       0x48 d:/bkra/keil c test/stm32cubeide_1.10.1/stm32cubeide/plugins/com.st.stm32cube.ide.mcu.externaltools.gnu-tools-for-stm32.10.3-2021.10.win32_1.0.0.202111181127/tools/bin/../lib/gcc/arm-none-eabi/10.3.1/../../../../arm-none-eabi/lib/thumb/v7-m/nofp\libc_nano.a(lib_a-init.o)
                0x0000000008003ed0                __libc_init_array
 .text.memset   0x0000000008003f18       0x10 d:/bkra/keil c test/stm32cubeide_1.10.1/stm32cubeide/plugins/com.st.stm32cube.ide.mcu.externaltools.gnu-tools-for-stm32.10.3-2021.10.win32_1.0.0.202111181127/tools/bin/../lib/gcc/arm-none-eabi/10.3.1/../../../../arm-none-eabi/lib/thumb/v7-m/nofp\libc_nano.a(lib_a-memset.o)
                0x0000000008003f18                memset
 .text.sprintf  0x0000000008003f28       0x40 d:/bkra/keil c test/stm32cubeide_1.10.1/stm32cubeide/plugins/com.st.stm32cube.ide.mcu.externaltools.gnu-tools-for-stm32.10.3-2021.10.win32_1.0.0.202111181127/tools/bin/../lib/gcc/arm-none-eabi/10.3.1/../../../../arm-none-eabi/lib/thumb/v7-m/nofp\libc_nano.a(lib_a-sprintf.o)
                0x0000000008003f28                siprintf
                0x0000000008003f28                sprintf
 .text.__ssputs_r
                0x0000000008003f68       0xb6 d:/bkra/keil c test/stm32cubeide_1.10.1/stm32cubeide/plugins/com.st.stm32cube.ide.mcu.externaltools.gnu-tools-for-stm32.10.3-2021.10.win32_1.0.0.202111181127/tools/bin/../lib/gcc/arm-none-eabi/10.3.1/../../../../arm-none-eabi/lib/thumb/v7-m/nofp\libc_nano.a(lib_a-nano-svfprintf.o)
                0x0000000008003f68                __ssputs_r
 *fill*         0x000000000800401e        0x2 
 .text._svfprintf_r
                0x0000000008004020      0x200 d:/bkra/keil c test/stm32cubeide_1.10.1/stm32cubeide/plugins/com.st.stm32cube.ide.mcu.externaltools.gnu-tools-for-stm32.10.3-2021.10.win32_1.0.0.202111181127/tools/bin/../lib/gcc/arm-none-eabi/10.3.1/../../../../arm-none-eabi/lib/thumb/v7-m/nofp\libc_nano.a(lib_a-nano-svfprintf.o)
                0x0000000008004020                _svfiprintf_r
                0x0000000008004020                _svfprintf_r
 .text._printf_common
                0x0000000008004220       0xde d:/bkra/keil c test/stm32cubeide_1.10.1/stm32cubeide/plugins/com.st.stm32cube.ide.mcu.externaltools.gnu-tools-for-stm32.10.3-2021.10.win32_1.0.0.202111181127/tools/bin/../lib/gcc/arm-none-eabi/10.3.1/../../../../arm-none-eabi/lib/thumb/v7-m/nofp\libc_nano.a(lib_a-nano-vfprintf_i.o)
                0x0000000008004220                _printf_common
 *fill*         0x00000000080042fe        0x2 
 .text._printf_i
                0x0000000008004300      0x24c d:/bkra/keil c test/stm32cubeide_1.10.1/stm32cubeide/plugins/com.st.stm32cube.ide.mcu.externaltools.gnu-tools-for-stm32.10.3-2021.10.win32_1.0.0.202111181127/tools/bin/../lib/gcc/arm-none-eabi/10.3.1/../../../../arm-none-eabi/lib/thumb/v7-m/nofp\libc_nano.a(lib_a-nano-vfprintf_i.o)
                0x0000000008004300                _printf_i
 .text.memchr   0x000000000800454c       0x1c d:/bkra/keil c test/stm32cubeide_1.10.1/stm32cubeide/plugins/com.st.stm32cube.ide.mcu.externaltools.gnu-tools-for-stm32.10.3-2021.10.win32_1.0.0.202111181127/tools/bin/../lib/gcc/arm-none-eabi/10.3.1/../../../../arm-none-eabi/lib/thumb/v7-m/nofp\libc_nano.a(lib_a-memchr-stub.o)
                0x000000000800454c                memchr
 .text.memcpy   0x0000000008004568       0x1c d:/bkra/keil c test/stm32cubeide_1.10.1/stm32cubeide/plugins/com.st.stm32cube.ide.mcu.externaltools.gnu-tools-for-stm32.10.3-2021.10.win32_1.0.0.202111181127/tools/bin/../lib/gcc/arm-none-eabi/10.3.1/../../../../arm-none-eabi/lib/thumb/v7-m/nofp\libc_nano.a(lib_a-memcpy-stub.o)
                0x0000000008004568                memcpy
 .text.memmove  0x0000000008004584       0x34 d:/bkra/keil c test/stm32cubeide_1.10.1/stm32cubeide/plugins/com.st.stm32cube.ide.mcu.externaltools.gnu-tools-for-stm32.10.3-2021.10.win32_1.0.0.202111181127/tools/bin/../lib/gcc/arm-none-eabi/10.3.1/../../../../arm-none-eabi/lib/thumb/v7-m/nofp\libc_nano.a(lib_a-memmove.o)
                0x0000000008004584                memmove
 .text._free_r  0x00000000080045b8       0x90 d:/bkra/keil c test/stm32cubeide_1.10.1/stm32cubeide/plugins/com.st.stm32cube.ide.mcu.externaltools.gnu-tools-for-stm32.10.3-2021.10.win32_1.0.0.202111181127/tools/bin/../lib/gcc/arm-none-eabi/10.3.1/../../../../arm-none-eabi/lib/thumb/v7-m/nofp\libc_nano.a(lib_a-nano-freer.o)
                0x00000000080045b8                _free_r
 .text.sbrk_aligned
                0x0000000008004648       0x40 d:/bkra/keil c test/stm32cubeide_1.10.1/stm32cubeide/plugins/com.st.stm32cube.ide.mcu.externaltools.gnu-tools-for-stm32.10.3-2021.10.win32_1.0.0.202111181127/tools/bin/../lib/gcc/arm-none-eabi/10.3.1/../../../../arm-none-eabi/lib/thumb/v7-m/nofp\libc_nano.a(lib_a-nano-mallocr.o)
 .text._malloc_r
                0x0000000008004688       0xe8 d:/bkra/keil c test/stm32cubeide_1.10.1/stm32cubeide/plugins/com.st.stm32cube.ide.mcu.externaltools.gnu-tools-for-stm32.10.3-2021.10.win32_1.0.0.202111181127/tools/bin/../lib/gcc/arm-none-eabi/10.3.1/../../../../arm-none-eabi/lib/thumb/v7-m/nofp\libc_nano.a(lib_a-nano-mallocr.o)
                0x0000000008004688                _malloc_r
 .text._realloc_r
                0x0000000008004770       0x5e d:/bkra/keil c test/stm32cubeide_1.10.1/stm32cubeide/plugins/com.st.stm32cube.ide.mcu.externaltools.gnu-tools-for-stm32.10.3-2021.10.win32_1.0.0.202111181127/tools/bin/../lib/gcc/arm-none-eabi/10.3.1/../../../../arm-none-eabi/lib/thumb/v7-m/nofp\libc_nano.a(lib_a-nano-reallocr.o)
                0x0000000008004770                _realloc_r
 *fill*         0x00000000080047ce        0x2 
 .text._sbrk_r  0x00000000080047d0       0x20 d:/bkra/keil c test/stm32cubeide_1.10.1/stm32cubeide/plugins/com.st.stm32cube.ide.mcu.externaltools.gnu-tools-for-stm32.10.3-2021.10.win32_1.0.0.202111181127/tools/bin/../lib/gcc/arm-none-eabi/10.3.1/../../../../arm-none-eabi/lib/thumb/v7-m/nofp\libc_nano.a(lib_a-sbrkr.o)
                0x00000000080047d0                _sbrk_r
 .text.__malloc_lock
                0x00000000080047f0        0xc d:/bkra/keil c test/stm32cubeide_1.10.1/stm32cubeide/plugins/com.st.stm32cube.ide.mcu.externaltools.gnu-tools-for-stm32.10.3-2021.10.win32_1.0.0.202111181127/tools/bin/../lib/gcc/arm-none-eabi/10.3.1/../../../../arm-none-eabi/lib/thumb/v7-m/nofp\libc_nano.a(lib_a-mlock.o)
                0x00000000080047f0                __malloc_lock
 .text.__malloc_unlock
                0x00000000080047fc        0xc d:/bkra/keil c test/stm32cubeide_1.10.1/stm32cubeide/plugins/com.st.stm32cube.ide.mcu.externaltools.gnu-tools-for-stm32.10.3-2021.10.win32_1.0.0.202111181127/tools/bin/../lib/gcc/arm-none-eabi/10.3.1/../../../../arm-none-eabi/lib/thumb/v7-m/nofp\libc_nano.a(lib_a-mlock.o)
                0x00000000080047fc                __malloc_unlock
 .text._malloc_usable_size_r
                0x0000000008004808       0x10 d:/bkra/keil c test/stm32cubeide_1.10.1/stm32cubeide/plugins/com.st.stm32cube.ide.mcu.externaltools.gnu-tools-for-stm32.10.3-2021.10.win32_1.0.0.202111181127/tools/bin/../lib/gcc/arm-none-eabi/10.3.1/../../../../arm-none-eabi/lib/thumb/v7-m/nofp\libc_nano.a(lib_a-nano-msizer.o)
                0x0000000008004808                _malloc_usable_size_r
 .text.__retarget_lock_acquire_recursive
                0x0000000008004818        0x2 d:/bkra/keil c test/stm32cubeide_1.10.1/stm32cubeide/plugins/com.st.stm32cube.ide.mcu.externaltools.gnu-tools-for-stm32.10.3-2021.10.win32_1.0.0.202111181127/tools/bin/../lib/gcc/arm-none-eabi/10.3.1/../../../../arm-none-eabi/lib/thumb/v7-m/nofp\libc_nano.a(lib_a-lock.o)
                0x0000000008004818                __retarget_lock_acquire_recursive
 .text.__retarget_lock_release_recursive
                0x000000000800481a        0x2 d:/bkra/keil c test/stm32cubeide_1.10.1/stm32cubeide/plugins/com.st.stm32cube.ide.mcu.externaltools.gnu-tools-for-stm32.10.3-2021.10.win32_1.0.0.202111181127/tools/bin/../lib/gcc/arm-none-eabi/10.3.1/../../../../arm-none-eabi/lib/thumb/v7-m/nofp\libc_nano.a(lib_a-lock.o)
                0x000000000800481a                __retarget_lock_release_recursive
 *(.glue_7)
 .glue_7        0x000000000800481c        0x0 linker stubs
 *(.glue_7t)
 .glue_7t       0x000000000800481c        0x0 linker stubs
 *(.eh_frame)
 .eh_frame      0x000000000800481c        0x0 d:/bkra/keil c test/stm32cubeide_1.10.1/stm32cubeide/plugins/com.st.stm32cube.ide.mcu.externaltools.gnu-tools-for-stm32.10.3-2021.10.win32_1.0.0.202111181127/tools/bin/../lib/gcc/arm-none-eabi/10.3.1/thumb/v7-m/nofp/crtbegin.o
 *(.init)
 .init          0x000000000800481c        0x4 d:/bkra/keil c test/stm32cubeide_1.10.1/stm32cubeide/plugins/com.st.stm32cube.ide.mcu.externaltools.gnu-tools-for-stm32.10.3-2021.10.win32_1.0.0.202111181127/tools/bin/../lib/gcc/arm-none-eabi/10.3.1/thumb/v7-m/nofp/crti.o
                0x000000000800481c                _init
 .init          0x0000000008004820        0x8 d:/bkra/keil c test/stm32cubeide_1.10.1/stm32cubeide/plugins/com.st.stm32cube.ide.mcu.externaltools.gnu-tools-for-stm32.10.3-2021.10.win32_1.0.0.202111181127/tools/bin/../lib/gcc/arm-none-eabi/10.3.1/thumb/v7-m/nofp/crtn.o
 *(.fini)
 .fini          0x0000000008004828        0x4 d:/bkra/keil c test/stm32cubeide_1.10.1/stm32cubeide/plugins/com.st.stm32cube.ide.mcu.externaltools.gnu-tools-for-stm32.10.3-2021.10.win32_1.0.0.202111181127/tools/bin/../lib/gcc/arm-none-eabi/10.3.1/thumb/v7-m/nofp/crti.o
                0x0000000008004828                _fini
 .fini          0x000000000800482c        0x8 d:/bkra/keil c test/stm32cubeide_1.10.1/stm32cubeide/plugins/com.st.stm32cube.ide.mcu.externaltools.gnu-tools-for-stm32.10.3-2021.10.win32_1.0.0.202111181127/tools/bin/../lib/gcc/arm-none-eabi/10.3.1/thumb/v7-m/nofp/crtn.o
                0x0000000008004834                . = ALIGN (0x4)
                0x0000000008004834                _etext = .

.vfp11_veneer   0x0000000008004834        0x0
 .vfp11_veneer  0x0000000008004834        0x0 linker stubs

.v4_bx          0x0000000008004834        0x0
 .v4_bx         0x0000000008004834        0x0 linker stubs

.iplt           0x0000000008004834        0x0
 .iplt          0x0000000008004834        0x0 d:/bkra/keil c test/stm32cubeide_1.10.1/stm32cubeide/plugins/com.st.stm32cube.ide.mcu.externaltools.gnu-tools-for-stm32.10.3-2021.10.win32_1.0.0.202111181127/tools/bin/../lib/gcc/arm-none-eabi/10.3.1/thumb/v7-m/nofp/crtbegin.o

.rodata         0x0000000008004834       0x84
                0x0000000008004834                . = ALIGN (0x4)
 *(.rodata)
 .rodata        0x0000000008004834       0x17 ./Core/Src/i2c-lcd.o
 *fill*         0x000000000800484b        0x1 
 .rodata        0x000000000800484c        0x8 ./Core/Src/input_reading.o
 .rodata        0x0000000008004854        0x3 ./Core/Src/led_display.o
 *(.rodata*)
 *fill*         0x0000000008004857        0x1 
 .rodata.AHBPrescTable
                0x0000000008004858       0x10 ./Core/Src/system_stm32f1xx.o
                0x0000000008004858                AHBPrescTable
 .rodata.APBPrescTable
                0x0000000008004868        0x8 ./Core/Src/system_stm32f1xx.o
                0x0000000008004868                APBPrescTable
 .rodata.aPLLMULFactorTable.1
                0x0000000008004870       0x10 ./Drivers/STM32F1xx_HAL_Driver/Src/stm32f1xx_hal_rcc.o
 .rodata.aPredivFactorTable.0
                0x0000000008004880        0x2 ./Drivers/STM32F1xx_HAL_Driver/Src/stm32f1xx_hal_rcc.o
 .rodata._svfprintf_r.str1.1
                0x0000000008004882       0x11 d:/bkra/keil c test/stm32cubeide_1.10.1/stm32cubeide/plugins/com.st.stm32cube.ide.mcu.externaltools.gnu-tools-for-stm32.10.3-2021.10.win32_1.0.0.202111181127/tools/bin/../lib/gcc/arm-none-eabi/10.3.1/../../../../arm-none-eabi/lib/thumb/v7-m/nofp\libc_nano.a(lib_a-nano-svfprintf.o)
 .rodata._printf_i.str1.1
                0x0000000008004893       0x22 d:/bkra/keil c test/stm32cubeide_1.10.1/stm32cubeide/plugins/com.st.stm32cube.ide.mcu.externaltools.gnu-tools-for-stm32.10.3-2021.10.win32_1.0.0.202111181127/tools/bin/../lib/gcc/arm-none-eabi/10.3.1/../../../../arm-none-eabi/lib/thumb/v7-m/nofp\libc_nano.a(lib_a-nano-vfprintf_i.o)
                0x00000000080048b8                . = ALIGN (0x4)
 *fill*         0x00000000080048b5        0x3 

.rel.dyn        0x00000000080048b8        0x0
 .rel.iplt      0x00000000080048b8        0x0 d:/bkra/keil c test/stm32cubeide_1.10.1/stm32cubeide/plugins/com.st.stm32cube.ide.mcu.externaltools.gnu-tools-for-stm32.10.3-2021.10.win32_1.0.0.202111181127/tools/bin/../lib/gcc/arm-none-eabi/10.3.1/thumb/v7-m/nofp/crtbegin.o

.ARM.extab      0x00000000080048b8        0x0
                0x00000000080048b8                . = ALIGN (0x4)
 *(.ARM.extab* .gnu.linkonce.armextab.*)
                0x00000000080048b8                . = ALIGN (0x4)

.ARM            0x00000000080048b8        0x0
                0x00000000080048b8                . = ALIGN (0x4)
                0x00000000080048b8                __exidx_start = .
 *(.ARM.exidx*)
                0x00000000080048b8                __exidx_end = .
                0x00000000080048b8                . = ALIGN (0x4)

.preinit_array  0x00000000080048b8        0x0
                0x00000000080048b8                . = ALIGN (0x4)
                0x00000000080048b8                PROVIDE (__preinit_array_start = .)
 *(.preinit_array*)
                0x00000000080048b8                PROVIDE (__preinit_array_end = .)
                0x00000000080048b8                . = ALIGN (0x4)

.init_array     0x00000000080048b8        0x4
                0x00000000080048b8                . = ALIGN (0x4)
                0x00000000080048b8                PROVIDE (__init_array_start = .)
 *(SORT_BY_NAME(.init_array.*))
 *(.init_array*)
 .init_array    0x00000000080048b8        0x4 d:/bkra/keil c test/stm32cubeide_1.10.1/stm32cubeide/plugins/com.st.stm32cube.ide.mcu.externaltools.gnu-tools-for-stm32.10.3-2021.10.win32_1.0.0.202111181127/tools/bin/../lib/gcc/arm-none-eabi/10.3.1/thumb/v7-m/nofp/crtbegin.o
                0x00000000080048bc                PROVIDE (__init_array_end = .)
                0x00000000080048bc                . = ALIGN (0x4)

.fini_array     0x00000000080048bc        0x4
                0x00000000080048bc                . = ALIGN (0x4)
                [!provide]                        PROVIDE (__fini_array_start = .)
 *(SORT_BY_NAME(.fini_array.*))
 *(.fini_array*)
 .fini_array    0x00000000080048bc        0x4 d:/bkra/keil c test/stm32cubeide_1.10.1/stm32cubeide/plugins/com.st.stm32cube.ide.mcu.externaltools.gnu-tools-for-stm32.10.3-2021.10.win32_1.0.0.202111181127/tools/bin/../lib/gcc/arm-none-eabi/10.3.1/thumb/v7-m/nofp/crtbegin.o
                [!provide]                        PROVIDE (__fini_array_end = .)
                0x00000000080048c0                . = ALIGN (0x4)
                0x00000000080048c0                _sidata = LOADADDR (.data)

.data           0x0000000020000000       0x9c load address 0x00000000080048c0
                0x0000000020000000                . = ALIGN (0x4)
                0x0000000020000000                _sdata = .
 *(.data)
 *(.data*)
 .data.modemode
                0x0000000020000000        0x1 ./Core/Src/input_processing.o
                0x0000000020000000                modemode
 *fill*         0x0000000020000001        0x3 
 .data.mode     0x0000000020000004        0x4 ./Core/Src/led_display.o
                0x0000000020000004                mode
 .data.cntred   0x0000000020000008        0x4 ./Core/Src/led_display.o
                0x0000000020000008                cntred
 .data.cntye    0x000000002000000c        0x4 ./Core/Src/led_display.o
                0x000000002000000c                cntye
 .data.cntgr    0x0000000020000010        0x4 ./Core/Src/led_display.o
                0x0000000020000010                cntgr
 .data.cntred2  0x0000000020000014        0x4 ./Core/Src/led_display.o
                0x0000000020000014                cntred2
 .data.cntye2   0x0000000020000018        0x4 ./Core/Src/led_display.o
                0x0000000020000018                cntye2
 .data.cntgr2   0x000000002000001c        0x4 ./Core/Src/led_display.o
                0x000000002000001c                cntgr2
 .data.red_duration
                0x0000000020000020        0x4 ./Core/Src/led_display.o
                0x0000000020000020                red_duration
 .data.yellow_duration
                0x0000000020000024        0x4 ./Core/Src/led_display.o
                0x0000000020000024                yellow_duration
 .data.green_duration
                0x0000000020000028        0x4 ./Core/Src/led_display.o
                0x0000000020000028                green_duration
 .data.SystemCoreClock
                0x000000002000002c        0x4 ./Core/Src/system_stm32f1xx.o
                0x000000002000002c                SystemCoreClock
 .data.uwTickPrio
                0x0000000020000030        0x4 ./Drivers/STM32F1xx_HAL_Driver/Src/stm32f1xx_hal.o
                0x0000000020000030                uwTickPrio
 .data.uwTickFreq
                0x0000000020000034        0x1 ./Drivers/STM32F1xx_HAL_Driver/Src/stm32f1xx_hal.o
                0x0000000020000034                uwTickFreq
 *fill*         0x0000000020000035        0x3 
 .data._impure_ptr
                0x0000000020000038        0x4 d:/bkra/keil c test/stm32cubeide_1.10.1/stm32cubeide/plugins/com.st.stm32cube.ide.mcu.externaltools.gnu-tools-for-stm32.10.3-2021.10.win32_1.0.0.202111181127/tools/bin/../lib/gcc/arm-none-eabi/10.3.1/../../../../arm-none-eabi/lib/thumb/v7-m/nofp\libc_nano.a(lib_a-impure.o)
                0x0000000020000038                _impure_ptr
 .data.impure_data
                0x000000002000003c       0x60 d:/bkra/keil c test/stm32cubeide_1.10.1/stm32cubeide/plugins/com.st.stm32cube.ide.mcu.externaltools.gnu-tools-for-stm32.10.3-2021.10.win32_1.0.0.202111181127/tools/bin/../lib/gcc/arm-none-eabi/10.3.1/../../../../arm-none-eabi/lib/thumb/v7-m/nofp\libc_nano.a(lib_a-impure.o)
 *(.RamFunc)
 *(.RamFunc*)
                0x000000002000009c                . = ALIGN (0x4)
                0x000000002000009c                _edata = .

.igot.plt       0x000000002000009c        0x0 load address 0x000000000800495c
 .igot.plt      0x000000002000009c        0x0 d:/bkra/keil c test/stm32cubeide_1.10.1/stm32cubeide/plugins/com.st.stm32cube.ide.mcu.externaltools.gnu-tools-for-stm32.10.3-2021.10.win32_1.0.0.202111181127/tools/bin/../lib/gcc/arm-none-eabi/10.3.1/thumb/v7-m/nofp/crtbegin.o
                0x000000002000009c                . = ALIGN (0x4)

.bss            0x000000002000009c      0x4c4 load address 0x000000000800495c
                0x000000002000009c                _sbss = .
                0x000000002000009c                __bss_start__ = _sbss
 *(.bss)
 .bss           0x000000002000009c       0x1c d:/bkra/keil c test/stm32cubeide_1.10.1/stm32cubeide/plugins/com.st.stm32cube.ide.mcu.externaltools.gnu-tools-for-stm32.10.3-2021.10.win32_1.0.0.202111181127/tools/bin/../lib/gcc/arm-none-eabi/10.3.1/thumb/v7-m/nofp/crtbegin.o
 *(.bss*)
 .bss.button1_flag
                0x00000000200000b8        0x1 ./Core/Src/input_processing.o
                0x00000000200000b8                button1_flag
 .bss.button2_flag
                0x00000000200000b9        0x1 ./Core/Src/input_processing.o
                0x00000000200000b9                button2_flag
 .bss.button3_flag
                0x00000000200000ba        0x1 ./Core/Src/input_processing.o
                0x00000000200000ba                button3_flag
 .bss.button4_flag
                0x00000000200000bb        0x1 ./Core/Src/input_processing.o
                0x00000000200000bb                button4_flag
 .bss.prev_button_states.0
                0x00000000200000bc        0x4 ./Core/Src/input_processing.o
 .bss.buttonBuffer
                0x00000000200000c0        0x4 ./Core/Src/input_reading.o
 .bss.debounceButtonBuffer1
                0x00000000200000c4        0x4 ./Core/Src/input_reading.o
 .bss.debounceButtonBuffer2
                0x00000000200000c8        0x4 ./Core/Src/input_reading.o
 .bss.flagForButtonPress1s
                0x00000000200000cc        0x4 ./Core/Src/input_reading.o
 .bss.counterForButtonPress1s
                0x00000000200000d0        0x8 ./Core/Src/input_reading.o
 .bss.num11     0x00000000200000d8        0x4 ./Core/Src/led_display.o
                0x00000000200000d8                num11
 .bss.num22     0x00000000200000dc        0x4 ./Core/Src/led_display.o
                0x00000000200000dc                num22
 .bss.new_red_duration
                0x00000000200000e0        0x4 ./Core/Src/led_display.o
                0x00000000200000e0                new_red_duration
 .bss.new_yellow_duration
                0x00000000200000e4        0x4 ./Core/Src/led_display.o
                0x00000000200000e4                new_yellow_duration
 .bss.new_green_duration
                0x00000000200000e8        0x4 ./Core/Src/led_display.o
                0x00000000200000e8                new_green_duration
 .bss.str_num11
                0x00000000200000ec        0xa ./Core/Src/led_display.o
                0x00000000200000ec                str_num11
 *fill*         0x00000000200000f6        0x2 
 .bss.str_num22
                0x00000000200000f8        0xa ./Core/Src/led_display.o
                0x00000000200000f8                str_num22
 *fill*         0x0000000020000102        0x2 
 .bss.str_mode  0x0000000020000104        0xa ./Core/Src/led_display.o
                0x0000000020000104                str_mode
 *fill*         0x000000002000010e        0x2 
 .bss.htim2     0x0000000020000110       0x48 ./Core/Src/main.o
                0x0000000020000110                htim2
 .bss.hadc1     0x0000000020000158       0x30 ./Core/Src/main.o
                0x0000000020000158                hadc1
 .bss.hi2c1     0x0000000020000188       0x54 ./Core/Src/main.o
                0x0000000020000188                hi2c1
 .bss.huart2    0x00000000200001dc       0x48 ./Core/Src/main.o
                0x00000000200001dc                huart2
 .bss.SCH_tasks_G
                0x0000000020000224      0x320 ./Core/Src/scheduler.o
                0x0000000020000224                SCH_tasks_G
 .bss.current_index_task
                0x0000000020000544        0x1 ./Core/Src/scheduler.o
                0x0000000020000544                current_index_task
 *fill*         0x0000000020000545        0x3 
 .bss.__sbrk_heap_end
                0x0000000020000548        0x4 ./Core/Src/sysmem.o
 .bss.uwTick    0x000000002000054c        0x4 ./Drivers/STM32F1xx_HAL_Driver/Src/stm32f1xx_hal.o
                0x000000002000054c                uwTick
 .bss.__malloc_free_list
                0x0000000020000550        0x4 d:/bkra/keil c test/stm32cubeide_1.10.1/stm32cubeide/plugins/com.st.stm32cube.ide.mcu.externaltools.gnu-tools-for-stm32.10.3-2021.10.win32_1.0.0.202111181127/tools/bin/../lib/gcc/arm-none-eabi/10.3.1/../../../../arm-none-eabi/lib/thumb/v7-m/nofp\libc_nano.a(lib_a-nano-mallocr.o)
                0x0000000020000550                __malloc_free_list
 .bss.__malloc_sbrk_start
                0x0000000020000554        0x4 d:/bkra/keil c test/stm32cubeide_1.10.1/stm32cubeide/plugins/com.st.stm32cube.ide.mcu.externaltools.gnu-tools-for-stm32.10.3-2021.10.win32_1.0.0.202111181127/tools/bin/../lib/gcc/arm-none-eabi/10.3.1/../../../../arm-none-eabi/lib/thumb/v7-m/nofp\libc_nano.a(lib_a-nano-mallocr.o)
                0x0000000020000554                __malloc_sbrk_start
 .bss.errno     0x0000000020000558        0x4 d:/bkra/keil c test/stm32cubeide_1.10.1/stm32cubeide/plugins/com.st.stm32cube.ide.mcu.externaltools.gnu-tools-for-stm32.10.3-2021.10.win32_1.0.0.202111181127/tools/bin/../lib/gcc/arm-none-eabi/10.3.1/../../../../arm-none-eabi/lib/thumb/v7-m/nofp\libc_nano.a(lib_a-reent.o)
                0x0000000020000558                errno
 .bss.__lock___malloc_recursive_mutex
                0x000000002000055c        0x1 d:/bkra/keil c test/stm32cubeide_1.10.1/stm32cubeide/plugins/com.st.stm32cube.ide.mcu.externaltools.gnu-tools-for-stm32.10.3-2021.10.win32_1.0.0.202111181127/tools/bin/../lib/gcc/arm-none-eabi/10.3.1/../../../../arm-none-eabi/lib/thumb/v7-m/nofp\libc_nano.a(lib_a-lock.o)
                0x000000002000055c                __lock___malloc_recursive_mutex
 *(COMMON)
                0x0000000020000560                . = ALIGN (0x4)
 *fill*         0x000000002000055d        0x3 
                0x0000000020000560                _ebss = .
                0x0000000020000560                __bss_end__ = _ebss

._user_heap_stack
                0x0000000020000560      0x600 load address 0x000000000800495c
                0x0000000020000560                . = ALIGN (0x8)
                [!provide]                        PROVIDE (end = .)
                0x0000000020000560                PROVIDE (_end = .)
                0x0000000020000760                . = (. + _Min_Heap_Size)
 *fill*         0x0000000020000560      0x200 
                0x0000000020000b60                . = (. + _Min_Stack_Size)
 *fill*         0x0000000020000760      0x400 
                0x0000000020000b60                . = ALIGN (0x8)

/DISCARD/
 libc.a(*)
 libm.a(*)
 libgcc.a(*)

.ARM.attributes
                0x0000000000000000       0x29
 *(.ARM.attributes)
 .ARM.attributes
                0x0000000000000000       0x1d d:/bkra/keil c test/stm32cubeide_1.10.1/stm32cubeide/plugins/com.st.stm32cube.ide.mcu.externaltools.gnu-tools-for-stm32.10.3-2021.10.win32_1.0.0.202111181127/tools/bin/../lib/gcc/arm-none-eabi/10.3.1/thumb/v7-m/nofp/crti.o
 .ARM.attributes
                0x000000000000001d       0x2d d:/bkra/keil c test/stm32cubeide_1.10.1/stm32cubeide/plugins/com.st.stm32cube.ide.mcu.externaltools.gnu-tools-for-stm32.10.3-2021.10.win32_1.0.0.202111181127/tools/bin/../lib/gcc/arm-none-eabi/10.3.1/thumb/v7-m/nofp/crtbegin.o
 .ARM.attributes
                0x000000000000004a       0x2d ./Core/Src/i2c-lcd.o
 .ARM.attributes
                0x0000000000000077       0x2d ./Core/Src/input_processing.o
 .ARM.attributes
                0x00000000000000a4       0x2d ./Core/Src/input_reading.o
 .ARM.attributes
                0x00000000000000d1       0x2d ./Core/Src/led_display.o
 .ARM.attributes
                0x00000000000000fe       0x2d ./Core/Src/main.o
 .ARM.attributes
                0x000000000000012b       0x2d ./Core/Src/scheduler.o
 .ARM.attributes
                0x0000000000000158       0x2d ./Core/Src/stm32f1xx_hal_msp.o
 .ARM.attributes
                0x0000000000000185       0x2d ./Core/Src/stm32f1xx_it.o
 .ARM.attributes
                0x00000000000001b2       0x2d ./Core/Src/sysmem.o
 .ARM.attributes
                0x00000000000001df       0x2d ./Core/Src/system_stm32f1xx.o
 .ARM.attributes
                0x000000000000020c       0x21 ./Core/Startup/startup_stm32f103rbtx.o
 .ARM.attributes
                0x000000000000022d       0x2d ./Drivers/STM32F1xx_HAL_Driver/Src/stm32f1xx_hal.o
 .ARM.attributes
                0x000000000000025a       0x2d ./Drivers/STM32F1xx_HAL_Driver/Src/stm32f1xx_hal_adc.o
 .ARM.attributes
                0x0000000000000287       0x2d ./Drivers/STM32F1xx_HAL_Driver/Src/stm32f1xx_hal_adc_ex.o
 .ARM.attributes
                0x00000000000002b4       0x2d ./Drivers/STM32F1xx_HAL_Driver/Src/stm32f1xx_hal_cortex.o
 .ARM.attributes
                0x00000000000002e1       0x2d ./Drivers/STM32F1xx_HAL_Driver/Src/stm32f1xx_hal_gpio.o
 .ARM.attributes
                0x000000000000030e       0x2d ./Drivers/STM32F1xx_HAL_Driver/Src/stm32f1xx_hal_i2c.o
 .ARM.attributes
                0x000000000000033b       0x2d ./Drivers/STM32F1xx_HAL_Driver/Src/stm32f1xx_hal_rcc.o
 .ARM.attributes
                0x0000000000000368       0x2d ./Drivers/STM32F1xx_HAL_Driver/Src/stm32f1xx_hal_rcc_ex.o
 .ARM.attributes
                0x0000000000000395       0x2d ./Drivers/STM32F1xx_HAL_Driver/Src/stm32f1xx_hal_tim.o
 .ARM.attributes
                0x00000000000003c2       0x2d ./Drivers/STM32F1xx_HAL_Driver/Src/stm32f1xx_hal_tim_ex.o
 .ARM.attributes
                0x00000000000003ef       0x2d ./Drivers/STM32F1xx_HAL_Driver/Src/stm32f1xx_hal_uart.o
 .ARM.attributes
                0x000000000000041c       0x2d d:/bkra/keil c test/stm32cubeide_1.10.1/stm32cubeide/plugins/com.st.stm32cube.ide.mcu.externaltools.gnu-tools-for-stm32.10.3-2021.10.win32_1.0.0.202111181127/tools/bin/../lib/gcc/arm-none-eabi/10.3.1/../../../../arm-none-eabi/lib/thumb/v7-m/nofp\libc_nano.a(lib_a-errno.o)
 .ARM.attributes
                0x0000000000000449       0x2d d:/bkra/keil c test/stm32cubeide_1.10.1/stm32cubeide/plugins/com.st.stm32cube.ide.mcu.externaltools.gnu-tools-for-stm32.10.3-2021.10.win32_1.0.0.202111181127/tools/bin/../lib/gcc/arm-none-eabi/10.3.1/../../../../arm-none-eabi/lib/thumb/v7-m/nofp\libc_nano.a(lib_a-impure.o)
 .ARM.attributes
                0x0000000000000476       0x2d d:/bkra/keil c test/stm32cubeide_1.10.1/stm32cubeide/plugins/com.st.stm32cube.ide.mcu.externaltools.gnu-tools-for-stm32.10.3-2021.10.win32_1.0.0.202111181127/tools/bin/../lib/gcc/arm-none-eabi/10.3.1/../../../../arm-none-eabi/lib/thumb/v7-m/nofp\libc_nano.a(lib_a-init.o)
 .ARM.attributes
                0x00000000000004a3       0x2d d:/bkra/keil c test/stm32cubeide_1.10.1/stm32cubeide/plugins/com.st.stm32cube.ide.mcu.externaltools.gnu-tools-for-stm32.10.3-2021.10.win32_1.0.0.202111181127/tools/bin/../lib/gcc/arm-none-eabi/10.3.1/../../../../arm-none-eabi/lib/thumb/v7-m/nofp\libc_nano.a(lib_a-memset.o)
 .ARM.attributes
                0x00000000000004d0       0x2d d:/bkra/keil c test/stm32cubeide_1.10.1/stm32cubeide/plugins/com.st.stm32cube.ide.mcu.externaltools.gnu-tools-for-stm32.10.3-2021.10.win32_1.0.0.202111181127/tools/bin/../lib/gcc/arm-none-eabi/10.3.1/../../../../arm-none-eabi/lib/thumb/v7-m/nofp\libc_nano.a(lib_a-sprintf.o)
 .ARM.attributes
                0x00000000000004fd       0x2d d:/bkra/keil c test/stm32cubeide_1.10.1/stm32cubeide/plugins/com.st.stm32cube.ide.mcu.externaltools.gnu-tools-for-stm32.10.3-2021.10.win32_1.0.0.202111181127/tools/bin/../lib/gcc/arm-none-eabi/10.3.1/../../../../arm-none-eabi/lib/thumb/v7-m/nofp\libc_nano.a(lib_a-nano-svfprintf.o)
 .ARM.attributes
                0x000000000000052a       0x2d d:/bkra/keil c test/stm32cubeide_1.10.1/stm32cubeide/plugins/com.st.stm32cube.ide.mcu.externaltools.gnu-tools-for-stm32.10.3-2021.10.win32_1.0.0.202111181127/tools/bin/../lib/gcc/arm-none-eabi/10.3.1/../../../../arm-none-eabi/lib/thumb/v7-m/nofp\libc_nano.a(lib_a-nano-vfprintf_i.o)
 .ARM.attributes
                0x0000000000000557       0x2d d:/bkra/keil c test/stm32cubeide_1.10.1/stm32cubeide/plugins/com.st.stm32cube.ide.mcu.externaltools.gnu-tools-for-stm32.10.3-2021.10.win32_1.0.0.202111181127/tools/bin/../lib/gcc/arm-none-eabi/10.3.1/../../../../arm-none-eabi/lib/thumb/v7-m/nofp\libc_nano.a(lib_a-memchr-stub.o)
 .ARM.attributes
                0x0000000000000584       0x2d d:/bkra/keil c test/stm32cubeide_1.10.1/stm32cubeide/plugins/com.st.stm32cube.ide.mcu.externaltools.gnu-tools-for-stm32.10.3-2021.10.win32_1.0.0.202111181127/tools/bin/../lib/gcc/arm-none-eabi/10.3.1/../../../../arm-none-eabi/lib/thumb/v7-m/nofp\libc_nano.a(lib_a-memcpy-stub.o)
 .ARM.attributes
                0x00000000000005b1       0x2d d:/bkra/keil c test/stm32cubeide_1.10.1/stm32cubeide/plugins/com.st.stm32cube.ide.mcu.externaltools.gnu-tools-for-stm32.10.3-2021.10.win32_1.0.0.202111181127/tools/bin/../lib/gcc/arm-none-eabi/10.3.1/../../../../arm-none-eabi/lib/thumb/v7-m/nofp\libc_nano.a(lib_a-memmove.o)
 .ARM.attributes
                0x00000000000005de       0x2d d:/bkra/keil c test/stm32cubeide_1.10.1/stm32cubeide/plugins/com.st.stm32cube.ide.mcu.externaltools.gnu-tools-for-stm32.10.3-2021.10.win32_1.0.0.202111181127/tools/bin/../lib/gcc/arm-none-eabi/10.3.1/../../../../arm-none-eabi/lib/thumb/v7-m/nofp\libc_nano.a(lib_a-nano-freer.o)
 .ARM.attributes
                0x000000000000060b       0x2d d:/bkra/keil c test/stm32cubeide_1.10.1/stm32cubeide/plugins/com.st.stm32cube.ide.mcu.externaltools.gnu-tools-for-stm32.10.3-2021.10.win32_1.0.0.202111181127/tools/bin/../lib/gcc/arm-none-eabi/10.3.1/../../../../arm-none-eabi/lib/thumb/v7-m/nofp\libc_nano.a(lib_a-nano-mallocr.o)
 .ARM.attributes
                0x0000000000000638       0x2d d:/bkra/keil c test/stm32cubeide_1.10.1/stm32cubeide/plugins/com.st.stm32cube.ide.mcu.externaltools.gnu-tools-for-stm32.10.3-2021.10.win32_1.0.0.202111181127/tools/bin/../lib/gcc/arm-none-eabi/10.3.1/../../../../arm-none-eabi/lib/thumb/v7-m/nofp\libc_nano.a(lib_a-nano-reallocr.o)
 .ARM.attributes
                0x0000000000000665       0x2d d:/bkra/keil c test/stm32cubeide_1.10.1/stm32cubeide/plugins/com.st.stm32cube.ide.mcu.externaltools.gnu-tools-for-stm32.10.3-2021.10.win32_1.0.0.202111181127/tools/bin/../lib/gcc/arm-none-eabi/10.3.1/../../../../arm-none-eabi/lib/thumb/v7-m/nofp\libc_nano.a(lib_a-sbrkr.o)
 .ARM.attributes
                0x0000000000000692       0x2d d:/bkra/keil c test/stm32cubeide_1.10.1/stm32cubeide/plugins/com.st.stm32cube.ide.mcu.externaltools.gnu-tools-for-stm32.10.3-2021.10.win32_1.0.0.202111181127/tools/bin/../lib/gcc/arm-none-eabi/10.3.1/../../../../arm-none-eabi/lib/thumb/v7-m/nofp\libc_nano.a(lib_a-mlock.o)
 .ARM.attributes
                0x00000000000006bf       0x2d d:/bkra/keil c test/stm32cubeide_1.10.1/stm32cubeide/plugins/com.st.stm32cube.ide.mcu.externaltools.gnu-tools-for-stm32.10.3-2021.10.win32_1.0.0.202111181127/tools/bin/../lib/gcc/arm-none-eabi/10.3.1/../../../../arm-none-eabi/lib/thumb/v7-m/nofp\libc_nano.a(lib_a-nano-msizer.o)
 .ARM.attributes
                0x00000000000006ec       0x2d d:/bkra/keil c test/stm32cubeide_1.10.1/stm32cubeide/plugins/com.st.stm32cube.ide.mcu.externaltools.gnu-tools-for-stm32.10.3-2021.10.win32_1.0.0.202111181127/tools/bin/../lib/gcc/arm-none-eabi/10.3.1/../../../../arm-none-eabi/lib/thumb/v7-m/nofp\libc_nano.a(lib_a-reent.o)
 .ARM.attributes
                0x0000000000000719       0x2d d:/bkra/keil c test/stm32cubeide_1.10.1/stm32cubeide/plugins/com.st.stm32cube.ide.mcu.externaltools.gnu-tools-for-stm32.10.3-2021.10.win32_1.0.0.202111181127/tools/bin/../lib/gcc/arm-none-eabi/10.3.1/../../../../arm-none-eabi/lib/thumb/v7-m/nofp\libc_nano.a(lib_a-lock.o)
 .ARM.attributes
                0x0000000000000746       0x1d d:/bkra/keil c test/stm32cubeide_1.10.1/stm32cubeide/plugins/com.st.stm32cube.ide.mcu.externaltools.gnu-tools-for-stm32.10.3-2021.10.win32_1.0.0.202111181127/tools/bin/../lib/gcc/arm-none-eabi/10.3.1/thumb/v7-m/nofp/crtn.o
OUTPUT(RB.elf elf32-littlearm)
LOAD linker stubs
LOAD d:/bkra/keil c test/stm32cubeide_1.10.1/stm32cubeide/plugins/com.st.stm32cube.ide.mcu.externaltools.gnu-tools-for-stm32.10.3-2021.10.win32_1.0.0.202111181127/tools/bin/../lib/gcc/arm-none-eabi/10.3.1/../../../../arm-none-eabi/lib/thumb/v7-m/nofp\libc.a
LOAD d:/bkra/keil c test/stm32cubeide_1.10.1/stm32cubeide/plugins/com.st.stm32cube.ide.mcu.externaltools.gnu-tools-for-stm32.10.3-2021.10.win32_1.0.0.202111181127/tools/bin/../lib/gcc/arm-none-eabi/10.3.1/../../../../arm-none-eabi/lib/thumb/v7-m/nofp\libm.a
LOAD d:/bkra/keil c test/stm32cubeide_1.10.1/stm32cubeide/plugins/com.st.stm32cube.ide.mcu.externaltools.gnu-tools-for-stm32.10.3-2021.10.win32_1.0.0.202111181127/tools/bin/../lib/gcc/arm-none-eabi/10.3.1/thumb/v7-m/nofp\libgcc.a

.debug_info     0x0000000000000000    0x12420
 .debug_info    0x0000000000000000      0x77a ./Core/Src/i2c-lcd.o
 .debug_info    0x000000000000077a      0x306 ./Core/Src/input_processing.o
 .debug_info    0x0000000000000a80      0x2a8 ./Core/Src/input_reading.o
 .debug_info    0x0000000000000d28      0x65f ./Core/Src/led_display.o
 .debug_info    0x0000000000001387     0x1729 ./Core/Src/main.o
 .debug_info    0x0000000000002ab0      0x21f ./Core/Src/scheduler.o
 .debug_info    0x0000000000002ccf     0x13c6 ./Core/Src/stm32f1xx_hal_msp.o
 .debug_info    0x0000000000004095      0x980 ./Core/Src/stm32f1xx_it.o
 .debug_info    0x0000000000004a15      0x171 ./Core/Src/sysmem.o
 .debug_info    0x0000000000004b86      0x23d ./Core/Src/system_stm32f1xx.o
 .debug_info    0x0000000000004dc3       0x22 ./Core/Startup/startup_stm32f103rbtx.o
 .debug_info    0x0000000000004de5      0x734 ./Drivers/STM32F1xx_HAL_Driver/Src/stm32f1xx_hal.o
 .debug_info    0x0000000000005519      0xcfe ./Drivers/STM32F1xx_HAL_Driver/Src/stm32f1xx_hal_adc.o
 .debug_info    0x0000000000006217      0xa94 ./Drivers/STM32F1xx_HAL_Driver/Src/stm32f1xx_hal_adc_ex.o
 .debug_info    0x0000000000006cab      0xb20 ./Drivers/STM32F1xx_HAL_Driver/Src/stm32f1xx_hal_cortex.o
 .debug_info    0x00000000000077cb      0x615 ./Drivers/STM32F1xx_HAL_Driver/Src/stm32f1xx_hal_gpio.o
 .debug_info    0x0000000000007de0     0x2771 ./Drivers/STM32F1xx_HAL_Driver/Src/stm32f1xx_hal_i2c.o
 .debug_info    0x000000000000a551      0x865 ./Drivers/STM32F1xx_HAL_Driver/Src/stm32f1xx_hal_rcc.o
 .debug_info    0x000000000000adb6      0x3e6 ./Drivers/STM32F1xx_HAL_Driver/Src/stm32f1xx_hal_rcc_ex.o
 .debug_info    0x000000000000b19c     0x2bcb ./Drivers/STM32F1xx_HAL_Driver/Src/stm32f1xx_hal_tim.o
 .debug_info    0x000000000000dd67     0x15c7 ./Drivers/STM32F1xx_HAL_Driver/Src/stm32f1xx_hal_tim_ex.o
 .debug_info    0x000000000000f32e     0x30f2 ./Drivers/STM32F1xx_HAL_Driver/Src/stm32f1xx_hal_uart.o

.debug_abbrev   0x0000000000000000     0x2970
 .debug_abbrev  0x0000000000000000      0x1c4 ./Core/Src/i2c-lcd.o
 .debug_abbrev  0x00000000000001c4      0x179 ./Core/Src/input_processing.o
 .debug_abbrev  0x000000000000033d      0x14e ./Core/Src/input_reading.o
 .debug_abbrev  0x000000000000048b      0x180 ./Core/Src/led_display.o
 .debug_abbrev  0x000000000000060b      0x325 ./Core/Src/main.o
 .debug_abbrev  0x0000000000000930      0x13c ./Core/Src/scheduler.o
 .debug_abbrev  0x0000000000000a6c      0x20a ./Core/Src/stm32f1xx_hal_msp.o
 .debug_abbrev  0x0000000000000c76      0x1aa ./Core/Src/stm32f1xx_it.o
 .debug_abbrev  0x0000000000000e20       0xbb ./Core/Src/sysmem.o
 .debug_abbrev  0x0000000000000edb      0x13b ./Core/Src/system_stm32f1xx.o
 .debug_abbrev  0x0000000000001016       0x12 ./Core/Startup/startup_stm32f103rbtx.o
 .debug_abbrev  0x0000000000001028      0x1fb ./Drivers/STM32F1xx_HAL_Driver/Src/stm32f1xx_hal.o
 .debug_abbrev  0x0000000000001223      0x210 ./Drivers/STM32F1xx_HAL_Driver/Src/stm32f1xx_hal_adc.o
 .debug_abbrev  0x0000000000001433      0x234 ./Drivers/STM32F1xx_HAL_Driver/Src/stm32f1xx_hal_adc_ex.o
 .debug_abbrev  0x0000000000001667      0x2ed ./Drivers/STM32F1xx_HAL_Driver/Src/stm32f1xx_hal_cortex.o
 .debug_abbrev  0x0000000000001954      0x1bb ./Drivers/STM32F1xx_HAL_Driver/Src/stm32f1xx_hal_gpio.o
 .debug_abbrev  0x0000000000001b0f      0x288 ./Drivers/STM32F1xx_HAL_Driver/Src/stm32f1xx_hal_i2c.o
 .debug_abbrev  0x0000000000001d97      0x2a8 ./Drivers/STM32F1xx_HAL_Driver/Src/stm32f1xx_hal_rcc.o
 .debug_abbrev  0x000000000000203f      0x182 ./Drivers/STM32F1xx_HAL_Driver/Src/stm32f1xx_hal_rcc_ex.o
 .debug_abbrev  0x00000000000021c1      0x264 ./Drivers/STM32F1xx_HAL_Driver/Src/stm32f1xx_hal_tim.o
 .debug_abbrev  0x0000000000002425      0x26c ./Drivers/STM32F1xx_HAL_Driver/Src/stm32f1xx_hal_tim_ex.o
 .debug_abbrev  0x0000000000002691      0x2df ./Drivers/STM32F1xx_HAL_Driver/Src/stm32f1xx_hal_uart.o

.debug_aranges  0x0000000000000000     0x11d0
 .debug_aranges
                0x0000000000000000       0x48 ./Core/Src/i2c-lcd.o
 .debug_aranges
                0x0000000000000048       0x30 ./Core/Src/input_processing.o
 .debug_aranges
                0x0000000000000078       0x30 ./Core/Src/input_reading.o
 .debug_aranges
                0x00000000000000a8       0xe8 ./Core/Src/led_display.o
 .debug_aranges
                0x0000000000000190       0x68 ./Core/Src/main.o
 .debug_aranges
                0x00000000000001f8       0x40 ./Core/Src/scheduler.o
 .debug_aranges
                0x0000000000000238       0x60 ./Core/Src/stm32f1xx_hal_msp.o
 .debug_aranges
                0x0000000000000298       0x78 ./Core/Src/stm32f1xx_it.o
 .debug_aranges
                0x0000000000000310       0x20 ./Core/Src/sysmem.o
 .debug_aranges
                0x0000000000000330       0x28 ./Core/Src/system_stm32f1xx.o
 .debug_aranges
                0x0000000000000358       0x28 ./Core/Startup/startup_stm32f103rbtx.o
 .debug_aranges
                0x0000000000000380       0xe0 ./Drivers/STM32F1xx_HAL_Driver/Src/stm32f1xx_hal.o
 .debug_aranges
                0x0000000000000460       0xf0 ./Drivers/STM32F1xx_HAL_Driver/Src/stm32f1xx_hal_adc.o
 .debug_aranges
                0x0000000000000550       0x80 ./Drivers/STM32F1xx_HAL_Driver/Src/stm32f1xx_hal_adc_ex.o
 .debug_aranges
                0x00000000000005d0      0x100 ./Drivers/STM32F1xx_HAL_Driver/Src/stm32f1xx_hal_cortex.o
 .debug_aranges
                0x00000000000006d0       0x58 ./Drivers/STM32F1xx_HAL_Driver/Src/stm32f1xx_hal_gpio.o
 .debug_aranges
                0x0000000000000728      0x2a8 ./Drivers/STM32F1xx_HAL_Driver/Src/stm32f1xx_hal_i2c.o
 .debug_aranges
                0x00000000000009d0       0x90 ./Drivers/STM32F1xx_HAL_Driver/Src/stm32f1xx_hal_rcc.o
 .debug_aranges
                0x0000000000000a60       0x30 ./Drivers/STM32F1xx_HAL_Driver/Src/stm32f1xx_hal_rcc_ex.o
 .debug_aranges
                0x0000000000000a90      0x3d0 ./Drivers/STM32F1xx_HAL_Driver/Src/stm32f1xx_hal_tim.o
 .debug_aranges
                0x0000000000000e60      0x168 ./Drivers/STM32F1xx_HAL_Driver/Src/stm32f1xx_hal_tim_ex.o
 .debug_aranges
                0x0000000000000fc8      0x208 ./Drivers/STM32F1xx_HAL_Driver/Src/stm32f1xx_hal_uart.o

.debug_ranges   0x0000000000000000     0x10c0
 .debug_ranges  0x0000000000000000       0x38 ./Core/Src/i2c-lcd.o
 .debug_ranges  0x0000000000000038       0x20 ./Core/Src/input_processing.o
 .debug_ranges  0x0000000000000058       0x20 ./Core/Src/input_reading.o
 .debug_ranges  0x0000000000000078       0xd8 ./Core/Src/led_display.o
 .debug_ranges  0x0000000000000150       0x58 ./Core/Src/main.o
 .debug_ranges  0x00000000000001a8       0x30 ./Core/Src/scheduler.o
 .debug_ranges  0x00000000000001d8       0x50 ./Core/Src/stm32f1xx_hal_msp.o
 .debug_ranges  0x0000000000000228       0x68 ./Core/Src/stm32f1xx_it.o
 .debug_ranges  0x0000000000000290       0x10 ./Core/Src/sysmem.o
 .debug_ranges  0x00000000000002a0       0x18 ./Core/Src/system_stm32f1xx.o
 .debug_ranges  0x00000000000002b8       0x20 ./Core/Startup/startup_stm32f103rbtx.o
 .debug_ranges  0x00000000000002d8       0xd0 ./Drivers/STM32F1xx_HAL_Driver/Src/stm32f1xx_hal.o
 .debug_ranges  0x00000000000003a8       0xe0 ./Drivers/STM32F1xx_HAL_Driver/Src/stm32f1xx_hal_adc.o
 .debug_ranges  0x0000000000000488       0x70 ./Drivers/STM32F1xx_HAL_Driver/Src/stm32f1xx_hal_adc_ex.o
 .debug_ranges  0x00000000000004f8       0xf0 ./Drivers/STM32F1xx_HAL_Driver/Src/stm32f1xx_hal_cortex.o
 .debug_ranges  0x00000000000005e8       0x48 ./Drivers/STM32F1xx_HAL_Driver/Src/stm32f1xx_hal_gpio.o
 .debug_ranges  0x0000000000000630      0x2b0 ./Drivers/STM32F1xx_HAL_Driver/Src/stm32f1xx_hal_i2c.o
 .debug_ranges  0x00000000000008e0       0x80 ./Drivers/STM32F1xx_HAL_Driver/Src/stm32f1xx_hal_rcc.o
 .debug_ranges  0x0000000000000960       0x20 ./Drivers/STM32F1xx_HAL_Driver/Src/stm32f1xx_hal_rcc_ex.o
 .debug_ranges  0x0000000000000980      0x3c0 ./Drivers/STM32F1xx_HAL_Driver/Src/stm32f1xx_hal_tim.o
 .debug_ranges  0x0000000000000d40      0x158 ./Drivers/STM32F1xx_HAL_Driver/Src/stm32f1xx_hal_tim_ex.o
 .debug_ranges  0x0000000000000e98      0x228 ./Drivers/STM32F1xx_HAL_Driver/Src/stm32f1xx_hal_uart.o

.debug_macro    0x0000000000000000    0x194fe
 .debug_macro   0x0000000000000000      0x1cb ./Core/Src/i2c-lcd.o
 .debug_macro   0x00000000000001cb      0xa6c ./Core/Src/i2c-lcd.o
 .debug_macro   0x0000000000000c37      0x227 ./Core/Src/i2c-lcd.o
 .debug_macro   0x0000000000000e5e       0x2e ./Core/Src/i2c-lcd.o
 .debug_macro   0x0000000000000e8c       0x22 ./Core/Src/i2c-lcd.o
 .debug_macro   0x0000000000000eae       0x22 ./Core/Src/i2c-lcd.o
 .debug_macro   0x0000000000000ed0       0x8e ./Core/Src/i2c-lcd.o
 .debug_macro   0x0000000000000f5e       0x51 ./Core/Src/i2c-lcd.o
 .debug_macro   0x0000000000000faf      0x103 ./Core/Src/i2c-lcd.o
 .debug_macro   0x00000000000010b2       0x6a ./Core/Src/i2c-lcd.o
 .debug_macro   0x000000000000111c      0x1df ./Core/Src/i2c-lcd.o
 .debug_macro   0x00000000000012fb       0x1c ./Core/Src/i2c-lcd.o
 .debug_macro   0x0000000000001317       0x22 ./Core/Src/i2c-lcd.o
 .debug_macro   0x0000000000001339       0xbd ./Core/Src/i2c-lcd.o
 .debug_macro   0x00000000000013f6      0xd23 ./Core/Src/i2c-lcd.o
 .debug_macro   0x0000000000002119     0xe09e ./Core/Src/i2c-lcd.o
 .debug_macro   0x00000000000101b7       0x6d ./Core/Src/i2c-lcd.o
 .debug_macro   0x0000000000010224     0x34a2 ./Core/Src/i2c-lcd.o
 .debug_macro   0x00000000000136c6      0x174 ./Core/Src/i2c-lcd.o
 .debug_macro   0x000000000001383a       0x5c ./Core/Src/i2c-lcd.o
 .debug_macro   0x0000000000013896      0x5bc ./Core/Src/i2c-lcd.o
 .debug_macro   0x0000000000013e52      0x289 ./Core/Src/i2c-lcd.o
 .debug_macro   0x00000000000140db      0x1cb ./Core/Src/i2c-lcd.o
 .debug_macro   0x00000000000142a6      0x114 ./Core/Src/i2c-lcd.o
 .debug_macro   0x00000000000143ba      0x1b2 ./Core/Src/i2c-lcd.o
 .debug_macro   0x000000000001456c       0x27 ./Core/Src/i2c-lcd.o
 .debug_macro   0x0000000000014593      0x136 ./Core/Src/i2c-lcd.o
 .debug_macro   0x00000000000146c9      0x1bc ./Core/Src/i2c-lcd.o
 .debug_macro   0x0000000000014885       0x34 ./Core/Src/i2c-lcd.o
 .debug_macro   0x00000000000148b9       0x3c ./Core/Src/i2c-lcd.o
 .debug_macro   0x00000000000148f5       0x57 ./Core/Src/i2c-lcd.o
 .debug_macro   0x000000000001494c      0x46a ./Core/Src/i2c-lcd.o
 .debug_macro   0x0000000000014db6      0x1b5 ./Core/Src/i2c-lcd.o
 .debug_macro   0x0000000000014f6b       0x87 ./Core/Src/i2c-lcd.o
 .debug_macro   0x0000000000014ff2      0x240 ./Core/Src/i2c-lcd.o
 .debug_macro   0x0000000000015232      0x287 ./Core/Src/i2c-lcd.o
 .debug_macro   0x00000000000154b9      0x140 ./Core/Src/i2c-lcd.o
 .debug_macro   0x00000000000155f9      0x8ed ./Core/Src/i2c-lcd.o
 .debug_macro   0x0000000000015ee6      0x28e ./Core/Src/i2c-lcd.o
 .debug_macro   0x0000000000016174       0x83 ./Core/Src/i2c-lcd.o
 .debug_macro   0x00000000000161f7      0x1f8 ./Core/Src/input_processing.o
 .debug_macro   0x00000000000163ef      0x15a ./Core/Src/input_processing.o
 .debug_macro   0x0000000000016549      0x200 ./Core/Src/input_reading.o
 .debug_macro   0x0000000000016749      0x355 ./Core/Src/led_display.o
 .debug_macro   0x0000000000016a9e       0x52 ./Core/Src/led_display.o
 .debug_macro   0x0000000000016af0       0x18 ./Core/Src/led_display.o
 .debug_macro   0x0000000000016b08       0x3c ./Core/Src/led_display.o
 .debug_macro   0x0000000000016b44       0x34 ./Core/Src/led_display.o
 .debug_macro   0x0000000000016b78       0x16 ./Core/Src/led_display.o
 .debug_macro   0x0000000000016b8e       0x35 ./Core/Src/led_display.o
 .debug_macro   0x0000000000016bc3      0x341 ./Core/Src/led_display.o
 .debug_macro   0x0000000000016f04       0x10 ./Core/Src/led_display.o
 .debug_macro   0x0000000000016f14       0x16 ./Core/Src/led_display.o
 .debug_macro   0x0000000000016f2a       0x43 ./Core/Src/led_display.o
 .debug_macro   0x0000000000016f6d       0x34 ./Core/Src/led_display.o
 .debug_macro   0x0000000000016fa1       0x10 ./Core/Src/led_display.o
 .debug_macro   0x0000000000016fb1       0x58 ./Core/Src/led_display.o
 .debug_macro   0x0000000000017009       0x71 ./Core/Src/led_display.o
 .debug_macro   0x000000000001707a       0x1c ./Core/Src/led_display.o
 .debug_macro   0x0000000000017096      0x12a ./Core/Src/led_display.o
 .debug_macro   0x00000000000171c0       0x10 ./Core/Src/led_display.o
 .debug_macro   0x00000000000171d0       0x1c ./Core/Src/led_display.o
 .debug_macro   0x00000000000171ec       0x52 ./Core/Src/led_display.o
 .debug_macro   0x000000000001723e       0x22 ./Core/Src/led_display.o
 .debug_macro   0x0000000000017260       0x10 ./Core/Src/led_display.o
 .debug_macro   0x0000000000017270       0x52 ./Core/Src/led_display.o
 .debug_macro   0x00000000000172c2       0xd5 ./Core/Src/led_display.o
 .debug_macro   0x0000000000017397       0x1c ./Core/Src/led_display.o
 .debug_macro   0x00000000000173b3       0x3d ./Core/Src/led_display.o
 .debug_macro   0x00000000000173f0       0x16 ./Core/Src/led_display.o
 .debug_macro   0x0000000000017406      0x145 ./Core/Src/led_display.o
 .debug_macro   0x000000000001754b      0x1ff ./Core/Src/main.o
 .debug_macro   0x000000000001774a       0x1c ./Core/Src/main.o
 .debug_macro   0x0000000000017766       0x72 ./Core/Src/scheduler.o
 .debug_macro   0x00000000000177d8       0x16 ./Core/Src/scheduler.o
 .debug_macro   0x00000000000177ee      0x1d0 ./Core/Src/stm32f1xx_hal_msp.o
 .debug_macro   0x00000000000179be      0x1da ./Core/Src/stm32f1xx_it.o
 .debug_macro   0x0000000000017b98       0xff ./Core/Src/sysmem.o
 .debug_macro   0x0000000000017c97      0x23b ./Core/Src/sysmem.o
 .debug_macro   0x0000000000017ed2      0x1c1 ./Core/Src/system_stm32f1xx.o
 .debug_macro   0x0000000000018093      0x1e5 ./Drivers/STM32F1xx_HAL_Driver/Src/stm32f1xx_hal.o
 .debug_macro   0x0000000000018278      0x1de ./Drivers/STM32F1xx_HAL_Driver/Src/stm32f1xx_hal_adc.o
 .debug_macro   0x0000000000018456      0x1d3 ./Drivers/STM32F1xx_HAL_Driver/Src/stm32f1xx_hal_adc_ex.o
 .debug_macro   0x0000000000018629      0x1c1 ./Drivers/STM32F1xx_HAL_Driver/Src/stm32f1xx_hal_cortex.o
 .debug_macro   0x00000000000187ea      0x22c ./Drivers/STM32F1xx_HAL_Driver/Src/stm32f1xx_hal_gpio.o
 .debug_macro   0x0000000000018a16      0x20f ./Drivers/STM32F1xx_HAL_Driver/Src/stm32f1xx_hal_i2c.o
 .debug_macro   0x0000000000018c25      0x1d3 ./Drivers/STM32F1xx_HAL_Driver/Src/stm32f1xx_hal_rcc.o
 .debug_macro   0x0000000000018df8      0x1c1 ./Drivers/STM32F1xx_HAL_Driver/Src/stm32f1xx_hal_rcc_ex.o
 .debug_macro   0x0000000000018fb9      0x1c2 ./Drivers/STM32F1xx_HAL_Driver/Src/stm32f1xx_hal_tim.o
 .debug_macro   0x000000000001917b      0x1c1 ./Drivers/STM32F1xx_HAL_Driver/Src/stm32f1xx_hal_tim_ex.o
 .debug_macro   0x000000000001933c      0x1c2 ./Drivers/STM32F1xx_HAL_Driver/Src/stm32f1xx_hal_uart.o

.debug_line     0x0000000000000000    0x153cd
 .debug_line    0x0000000000000000      0x7be ./Core/Src/i2c-lcd.o
 .debug_line    0x00000000000007be      0x836 ./Core/Src/input_processing.o
 .debug_line    0x0000000000000ff4      0x7bf ./Core/Src/input_reading.o
 .debug_line    0x00000000000017b3      0xc78 ./Core/Src/led_display.o
 .debug_line    0x000000000000242b      0x97e ./Core/Src/main.o
 .debug_line    0x0000000000002da9      0x4ce ./Core/Src/scheduler.o
 .debug_line    0x0000000000003277      0x80a ./Core/Src/stm32f1xx_hal_msp.o
 .debug_line    0x0000000000003a81      0x7fc ./Core/Src/stm32f1xx_it.o
 .debug_line    0x000000000000427d      0x530 ./Core/Src/sysmem.o
 .debug_line    0x00000000000047ad      0x770 ./Core/Src/system_stm32f1xx.o
 .debug_line    0x0000000000004f1d       0x86 ./Core/Startup/startup_stm32f103rbtx.o
 .debug_line    0x0000000000004fa3      0x99d ./Drivers/STM32F1xx_HAL_Driver/Src/stm32f1xx_hal.o
 .debug_line    0x0000000000005940     0x1022 ./Drivers/STM32F1xx_HAL_Driver/Src/stm32f1xx_hal_adc.o
 .debug_line    0x0000000000006962      0xd66 ./Drivers/STM32F1xx_HAL_Driver/Src/stm32f1xx_hal_adc_ex.o
 .debug_line    0x00000000000076c8      0xb85 ./Drivers/STM32F1xx_HAL_Driver/Src/stm32f1xx_hal_cortex.o
 .debug_line    0x000000000000824d      0xa36 ./Drivers/STM32F1xx_HAL_Driver/Src/stm32f1xx_hal_gpio.o
 .debug_line    0x0000000000008c83     0x3b33 ./Drivers/STM32F1xx_HAL_Driver/Src/stm32f1xx_hal_i2c.o
 .debug_line    0x000000000000c7b6      0xda9 ./Drivers/STM32F1xx_HAL_Driver/Src/stm32f1xx_hal_rcc.o
 .debug_line    0x000000000000d55f      0x8e4 ./Drivers/STM32F1xx_HAL_Driver/Src/stm32f1xx_hal_rcc_ex.o
 .debug_line    0x000000000000de43     0x3443 ./Drivers/STM32F1xx_HAL_Driver/Src/stm32f1xx_hal_tim.o
 .debug_line    0x0000000000011286     0x18e3 ./Drivers/STM32F1xx_HAL_Driver/Src/stm32f1xx_hal_tim_ex.o
 .debug_line    0x0000000000012b69     0x2864 ./Drivers/STM32F1xx_HAL_Driver/Src/stm32f1xx_hal_uart.o

.debug_str      0x0000000000000000    0x92a4c
 .debug_str     0x0000000000000000    0x8997f ./Core/Src/i2c-lcd.o
                                      0x89d49 (size before relaxing)
 .debug_str     0x000000000008997f      0x5d5 ./Core/Src/input_processing.o
                                      0x89de9 (size before relaxing)
 .debug_str     0x0000000000089f54      0x136 ./Core/Src/input_reading.o
                                      0x89db2 (size before relaxing)
 .debug_str     0x000000000008a08a     0x3f57 ./Core/Src/led_display.o
                                      0x8dcc0 (size before relaxing)
 .debug_str     0x000000000008dfe1      0xc87 ./Core/Src/main.o
                                      0x8af95 (size before relaxing)
 .debug_str     0x000000000008ec68       0x78 ./Core/Src/scheduler.o
                                       0x3ca9 (size before relaxing)
 .debug_str     0x000000000008ece0      0x127 ./Core/Src/stm32f1xx_hal_msp.o
                                      0x8ab13 (size before relaxing)
 .debug_str     0x000000000008ee07      0x12d ./Core/Src/stm32f1xx_it.o
                                      0x8a314 (size before relaxing)
 .debug_str     0x000000000008ef34      0x4da ./Core/Src/sysmem.o
                                       0x5d49 (size before relaxing)
 .debug_str     0x000000000008f40e       0x7e ./Core/Src/system_stm32f1xx.o
                                      0x89899 (size before relaxing)
 .debug_str     0x000000000008f48c       0x36 ./Core/Startup/startup_stm32f103rbtx.o
                                         0x63 (size before relaxing)
 .debug_str     0x000000000008f4c2      0x384 ./Drivers/STM32F1xx_HAL_Driver/Src/stm32f1xx_hal.o
                                      0x89fcc (size before relaxing)
 .debug_str     0x000000000008f846      0x362 ./Drivers/STM32F1xx_HAL_Driver/Src/stm32f1xx_hal_adc.o
                                      0x89f7d (size before relaxing)
 .debug_str     0x000000000008fba8      0x2d8 ./Drivers/STM32F1xx_HAL_Driver/Src/stm32f1xx_hal_adc_ex.o
                                      0x89f4d (size before relaxing)
 .debug_str     0x000000000008fe80      0x294 ./Drivers/STM32F1xx_HAL_Driver/Src/stm32f1xx_hal_cortex.o
                                      0x89f18 (size before relaxing)
 .debug_str     0x0000000000090114      0x2a9 ./Drivers/STM32F1xx_HAL_Driver/Src/stm32f1xx_hal_gpio.o
                                      0x89c1f (size before relaxing)
 .debug_str     0x00000000000903bd      0xba6 ./Drivers/STM32F1xx_HAL_Driver/Src/stm32f1xx_hal_i2c.o
                                      0x8a960 (size before relaxing)
 .debug_str     0x0000000000090f63      0x209 ./Drivers/STM32F1xx_HAL_Driver/Src/stm32f1xx_hal_rcc.o
                                      0x89cc8 (size before relaxing)
 .debug_str     0x000000000009116c       0x84 ./Drivers/STM32F1xx_HAL_Driver/Src/stm32f1xx_hal_rcc_ex.o
                                      0x89a18 (size before relaxing)
 .debug_str     0x00000000000911f0      0xdb0 ./Drivers/STM32F1xx_HAL_Driver/Src/stm32f1xx_hal_tim.o
                                      0x8acca (size before relaxing)
 .debug_str     0x0000000000091fa0      0x493 ./Drivers/STM32F1xx_HAL_Driver/Src/stm32f1xx_hal_tim_ex.o
                                      0x8a4d6 (size before relaxing)
 .debug_str     0x0000000000092433      0x619 ./Drivers/STM32F1xx_HAL_Driver/Src/stm32f1xx_hal_uart.o
                                      0x8a339 (size before relaxing)

.comment        0x0000000000000000       0x50
 .comment       0x0000000000000000       0x50 ./Core/Src/i2c-lcd.o
                                         0x51 (size before relaxing)
 .comment       0x0000000000000050       0x51 ./Core/Src/input_processing.o
 .comment       0x0000000000000050       0x51 ./Core/Src/input_reading.o
 .comment       0x0000000000000050       0x51 ./Core/Src/led_display.o
 .comment       0x0000000000000050       0x51 ./Core/Src/main.o
 .comment       0x0000000000000050       0x51 ./Core/Src/scheduler.o
 .comment       0x0000000000000050       0x51 ./Core/Src/stm32f1xx_hal_msp.o
 .comment       0x0000000000000050       0x51 ./Core/Src/stm32f1xx_it.o
 .comment       0x0000000000000050       0x51 ./Core/Src/sysmem.o
 .comment       0x0000000000000050       0x51 ./Core/Src/system_stm32f1xx.o
 .comment       0x0000000000000050       0x51 ./Drivers/STM32F1xx_HAL_Driver/Src/stm32f1xx_hal.o
 .comment       0x0000000000000050       0x51 ./Drivers/STM32F1xx_HAL_Driver/Src/stm32f1xx_hal_adc.o
 .comment       0x0000000000000050       0x51 ./Drivers/STM32F1xx_HAL_Driver/Src/stm32f1xx_hal_adc_ex.o
 .comment       0x0000000000000050       0x51 ./Drivers/STM32F1xx_HAL_Driver/Src/stm32f1xx_hal_cortex.o
 .comment       0x0000000000000050       0x51 ./Drivers/STM32F1xx_HAL_Driver/Src/stm32f1xx_hal_gpio.o
 .comment       0x0000000000000050       0x51 ./Drivers/STM32F1xx_HAL_Driver/Src/stm32f1xx_hal_i2c.o
 .comment       0x0000000000000050       0x51 ./Drivers/STM32F1xx_HAL_Driver/Src/stm32f1xx_hal_rcc.o
 .comment       0x0000000000000050       0x51 ./Drivers/STM32F1xx_HAL_Driver/Src/stm32f1xx_hal_rcc_ex.o
 .comment       0x0000000000000050       0x51 ./Drivers/STM32F1xx_HAL_Driver/Src/stm32f1xx_hal_tim.o
 .comment       0x0000000000000050       0x51 ./Drivers/STM32F1xx_HAL_Driver/Src/stm32f1xx_hal_tim_ex.o
 .comment       0x0000000000000050       0x51 ./Drivers/STM32F1xx_HAL_Driver/Src/stm32f1xx_hal_uart.o

.debug_frame    0x0000000000000000     0x4dd0
 .debug_frame   0x0000000000000000       0xd8 ./Core/Src/i2c-lcd.o
 .debug_frame   0x00000000000000d8       0x6c ./Core/Src/input_processing.o
 .debug_frame   0x0000000000000144       0x88 ./Core/Src/input_reading.o
 .debug_frame   0x00000000000001cc      0x318 ./Core/Src/led_display.o
 .debug_frame   0x00000000000004e4      0x158 ./Core/Src/main.o
 .debug_frame   0x000000000000063c       0xcc ./Core/Src/scheduler.o
 .debug_frame   0x0000000000000708      0x158 ./Core/Src/stm32f1xx_hal_msp.o
 .debug_frame   0x0000000000000860      0x158 ./Core/Src/stm32f1xx_it.o
 .debug_frame   0x00000000000009b8       0x34 ./Core/Src/sysmem.o
 .debug_frame   0x00000000000009ec       0x58 ./Core/Src/system_stm32f1xx.o
 .debug_frame   0x0000000000000a44      0x334 ./Drivers/STM32F1xx_HAL_Driver/Src/stm32f1xx_hal.o
 .debug_frame   0x0000000000000d78      0x40c ./Drivers/STM32F1xx_HAL_Driver/Src/stm32f1xx_hal_adc.o
 .debug_frame   0x0000000000001184      0x200 ./Drivers/STM32F1xx_HAL_Driver/Src/stm32f1xx_hal_adc_ex.o
 .debug_frame   0x0000000000001384      0x428 ./Drivers/STM32F1xx_HAL_Driver/Src/stm32f1xx_hal_cortex.o
 .debug_frame   0x00000000000017ac      0x14c ./Drivers/STM32F1xx_HAL_Driver/Src/stm32f1xx_hal_gpio.o
 .debug_frame   0x00000000000018f8      0xc84 ./Drivers/STM32F1xx_HAL_Driver/Src/stm32f1xx_hal_i2c.o
 .debug_frame   0x000000000000257c      0x218 ./Drivers/STM32F1xx_HAL_Driver/Src/stm32f1xx_hal_rcc.o
 .debug_frame   0x0000000000002794       0x80 ./Drivers/STM32F1xx_HAL_Driver/Src/stm32f1xx_hal_rcc_ex.o
 .debug_frame   0x0000000000002814     0x11b8 ./Drivers/STM32F1xx_HAL_Driver/Src/stm32f1xx_hal_tim.o
 .debug_frame   0x00000000000039cc      0x638 ./Drivers/STM32F1xx_HAL_Driver/Src/stm32f1xx_hal_tim_ex.o
 .debug_frame   0x0000000000004004      0x944 ./Drivers/STM32F1xx_HAL_Driver/Src/stm32f1xx_hal_uart.o
 .debug_frame   0x0000000000004948       0x20 d:/bkra/keil c test/stm32cubeide_1.10.1/stm32cubeide/plugins/com.st.stm32cube.ide.mcu.externaltools.gnu-tools-for-stm32.10.3-2021.10.win32_1.0.0.202111181127/tools/bin/../lib/gcc/arm-none-eabi/10.3.1/../../../../arm-none-eabi/lib/thumb/v7-m/nofp\libc_nano.a(lib_a-errno.o)
 .debug_frame   0x0000000000004968       0x2c d:/bkra/keil c test/stm32cubeide_1.10.1/stm32cubeide/plugins/com.st.stm32cube.ide.mcu.externaltools.gnu-tools-for-stm32.10.3-2021.10.win32_1.0.0.202111181127/tools/bin/../lib/gcc/arm-none-eabi/10.3.1/../../../../arm-none-eabi/lib/thumb/v7-m/nofp\libc_nano.a(lib_a-init.o)
 .debug_frame   0x0000000000004994       0x20 d:/bkra/keil c test/stm32cubeide_1.10.1/stm32cubeide/plugins/com.st.stm32cube.ide.mcu.externaltools.gnu-tools-for-stm32.10.3-2021.10.win32_1.0.0.202111181127/tools/bin/../lib/gcc/arm-none-eabi/10.3.1/../../../../arm-none-eabi/lib/thumb/v7-m/nofp\libc_nano.a(lib_a-memset.o)
 .debug_frame   0x00000000000049b4       0x6c d:/bkra/keil c test/stm32cubeide_1.10.1/stm32cubeide/plugins/com.st.stm32cube.ide.mcu.externaltools.gnu-tools-for-stm32.10.3-2021.10.win32_1.0.0.202111181127/tools/bin/../lib/gcc/arm-none-eabi/10.3.1/../../../../arm-none-eabi/lib/thumb/v7-m/nofp\libc_nano.a(lib_a-sprintf.o)
 .debug_frame   0x0000000000004a20       0x90 d:/bkra/keil c test/stm32cubeide_1.10.1/stm32cubeide/plugins/com.st.stm32cube.ide.mcu.externaltools.gnu-tools-for-stm32.10.3-2021.10.win32_1.0.0.202111181127/tools/bin/../lib/gcc/arm-none-eabi/10.3.1/../../../../arm-none-eabi/lib/thumb/v7-m/nofp\libc_nano.a(lib_a-nano-svfprintf.o)
 .debug_frame   0x0000000000004ab0       0x60 d:/bkra/keil c test/stm32cubeide_1.10.1/stm32cubeide/plugins/com.st.stm32cube.ide.mcu.externaltools.gnu-tools-for-stm32.10.3-2021.10.win32_1.0.0.202111181127/tools/bin/../lib/gcc/arm-none-eabi/10.3.1/../../../../arm-none-eabi/lib/thumb/v7-m/nofp\libc_nano.a(lib_a-nano-vfprintf_i.o)
 .debug_frame   0x0000000000004b10       0x28 d:/bkra/keil c test/stm32cubeide_1.10.1/stm32cubeide/plugins/com.st.stm32cube.ide.mcu.externaltools.gnu-tools-for-stm32.10.3-2021.10.win32_1.0.0.202111181127/tools/bin/../lib/gcc/arm-none-eabi/10.3.1/../../../../arm-none-eabi/lib/thumb/v7-m/nofp\libc_nano.a(lib_a-memchr-stub.o)
 .debug_frame   0x0000000000004b38       0x28 d:/bkra/keil c test/stm32cubeide_1.10.1/stm32cubeide/plugins/com.st.stm32cube.ide.mcu.externaltools.gnu-tools-for-stm32.10.3-2021.10.win32_1.0.0.202111181127/tools/bin/../lib/gcc/arm-none-eabi/10.3.1/../../../../arm-none-eabi/lib/thumb/v7-m/nofp\libc_nano.a(lib_a-memcpy-stub.o)
 .debug_frame   0x0000000000004b60       0x28 d:/bkra/keil c test/stm32cubeide_1.10.1/stm32cubeide/plugins/com.st.stm32cube.ide.mcu.externaltools.gnu-tools-for-stm32.10.3-2021.10.win32_1.0.0.202111181127/tools/bin/../lib/gcc/arm-none-eabi/10.3.1/../../../../arm-none-eabi/lib/thumb/v7-m/nofp\libc_nano.a(lib_a-memmove.o)
 .debug_frame   0x0000000000004b88       0x38 d:/bkra/keil c test/stm32cubeide_1.10.1/stm32cubeide/plugins/com.st.stm32cube.ide.mcu.externaltools.gnu-tools-for-stm32.10.3-2021.10.win32_1.0.0.202111181127/tools/bin/../lib/gcc/arm-none-eabi/10.3.1/../../../../arm-none-eabi/lib/thumb/v7-m/nofp\libc_nano.a(lib_a-nano-freer.o)
 .debug_frame   0x0000000000004bc0       0x4c d:/bkra/keil c test/stm32cubeide_1.10.1/stm32cubeide/plugins/com.st.stm32cube.ide.mcu.externaltools.gnu-tools-for-stm32.10.3-2021.10.win32_1.0.0.202111181127/tools/bin/../lib/gcc/arm-none-eabi/10.3.1/../../../../arm-none-eabi/lib/thumb/v7-m/nofp\libc_nano.a(lib_a-nano-mallocr.o)